2026-04-08 16:14:35,253 [INFO] Sentinel-1 IW GRD 빙하 아카이브 수집 시작
2026-04-08 16:14:35,585 [ERROR] CDSE 자격증명이 설정되지 않았습니다.
2026-04-08 16:14:35,585 [ERROR] 수집 실패. 자격증명 및 네트워크를 확인하세요.
2026-04-08 16:16:58,367 [INFO] Sentinel-1 IW GRD 빙하 아카이브 수집 시작
2026-04-08 16:16:58,688 [ERROR] CDSE 자격증명이 설정되지 않았습니다.
2026-04-08 16:16:58,688 [ERROR] 수집 실패. 자격증명 및 네트워크를 확인하세요.
2026-04-08 16:18:00,214 [INFO] Sentinel-1 IW GRD 빙하 아카이브 수집 시작
2026-04-08 16:18:00,532 [INFO] 검색 기간: 2026-03-27 ~ 2026-04-07
2026-04-08 16:18:00,533 [INFO] [DRY-RUN] 실제 다운로드 없이 카탈로그 쿼리만 수행
2026-04-08 16:18:00,533 [INFO] 
────────────────────────────────────────
2026-04-08 16:18:00,533 [INFO] AOI: Svalbard (svalbard)
2026-04-08 16:18:00,534 [INFO] ────────────────────────────────────────
2026-04-08 16:18:00,534 [INFO] CDSE 토큰 발급 요청...
2026-04-08 16:18:02,496 [INFO] CDSE 토큰 발급 완료 (만료: 1800초)
2026-04-08 16:18:04,700 [INFO]   [Svalbard] 페이지 1: 21건 (누적 21건)
2026-04-08 16:18:04,700 [INFO] [Svalbard] 검색 결과: 21건
2026-04-08 16:18:04,701 [INFO]   [DRY-RUN] S1A_IW_GRDH_1SDH_20260406T154551_20260406T154616_063961_080BCA_5196.SAFE (1634MB)
2026-04-08 16:18:04,702 [INFO]   [DRY-RUN] S1A_IW_GRDH_1SDH_20260406T154526_20260406T154551_063961_080BCA_D425.SAFE (1607MB)
2026-04-08 16:18:04,702 [INFO]   [DRY-RUN] S1A_IW_GRDH_1SDH_20260406T154457_20260406T154526_063961_080BCA_AAF9.SAFE (1866MB)
2026-04-08 16:18:04,703 [INFO]   [DRY-RUN] S1A_IW_GRDH_1SDH_20260405T150457_20260405T150523_063946_080B31_BF69.SAFE (1632MB)
2026-04-08 16:18:04,703 [INFO]   [DRY-RUN] S1A_IW_GRDH_1SDH_20260405T150432_20260405T150457_063946_080B31_0B05.SAFE (1605MB)
2026-04-08 16:18:04,704 [INFO]   [DRY-RUN] S1A_IW_GRDH_1SDH_20260405T150403_20260405T150432_063946_080B31_DE5C.SAFE (1865MB)
2026-04-08 16:18:04,704 [INFO]   [DRY-RUN] S1A_IW_GRDH_1SDV_20260404T061558_20260404T061629_063926_080A7D_F7E0.SAFE (1985MB)
2026-04-08 16:18:04,705 [INFO]   [DRY-RUN] S1A_IW_GRDH_1SDV_20260404T061533_20260404T061558_063926_080A7D_BCBE.SAFE (1605MB)
2026-04-08 16:18:04,706 [INFO]   [DRY-RUN] S1A_IW_GRDH_1SDV_20260404T061504_20260404T061533_063926_080A7D_3780.SAFE (1865MB)
2026-04-08 16:18:04,706 [INFO]   [DRY-RUN] S1C_IW_GRDH_1SDH_20260331T154517_20260331T154540_007010_00E31D_2DDD.SAFE (1430MB)
2026-04-08 16:18:04,708 [INFO]   [DRY-RUN] S1C_IW_GRDH_1SDH_20260331T154452_20260331T154517_007010_00E31D_7CCC.SAFE (1607MB)
2026-04-08 16:18:04,708 [INFO]   [DRY-RUN] S1C_IW_GRDH_1SDH_20260331T154427_20260331T154452_007010_00E31D_2D18.SAFE (1607MB)
2026-04-08 16:18:04,709 [INFO]   [DRY-RUN] S1C_IW_GRDH_1SDH_20260331T154358_20260331T154427_007010_00E31D_6056.SAFE (1883MB)
2026-04-08 16:18:04,709 [INFO]   [DRY-RUN] S1C_IW_GRDH_1SDH_20260330T150421_20260330T150444_006995_00E29B_C097.SAFE (1429MB)
2026-04-08 16:18:04,710 [INFO]   [DRY-RUN] S1C_IW_GRDH_1SDH_20260330T150356_20260330T150421_006995_00E29B_5ADF.SAFE (1607MB)
2026-04-08 16:18:04,710 [INFO]   [DRY-RUN] S1C_IW_GRDH_1SDH_20260330T150331_20260330T150356_006995_00E29B_0649.SAFE (1606MB)
2026-04-08 16:18:04,711 [INFO]   [DRY-RUN] S1C_IW_GRDH_1SDH_20260330T150302_20260330T150331_006995_00E29B_062F.SAFE (1882MB)
2026-04-08 16:18:04,712 [INFO]   [DRY-RUN] S1C_IW_GRDH_1SDH_20260329T061505_20260329T061538_006975_00E1E3_FCF2.SAFE (2135MB)
2026-04-08 16:18:04,713 [INFO]   [DRY-RUN] S1C_IW_GRDH_1SDH_20260329T061440_20260329T061505_006975_00E1E3_8C55.SAFE (1605MB)
2026-04-08 16:18:04,713 [INFO]   [DRY-RUN] S1C_IW_GRDH_1SDH_20260329T061415_20260329T061440_006975_00E1E3_0EA8.SAFE (1606MB)
2026-04-08 16:18:04,713 [INFO]   [DRY-RUN] S1C_IW_GRDH_1SDH_20260329T061346_20260329T061415_006975_00E1E3_40BD.SAFE (1882MB)
2026-04-08 16:18:04,714 [INFO] 
────────────────────────────────────────
2026-04-08 16:18:04,716 [INFO] AOI: East Greenland (greenland_east)
2026-04-08 16:18:04,717 [INFO] ────────────────────────────────────────
2026-04-08 16:18:05,815 [INFO]   [East Greenland] 페이지 1: 100건 (누적 100건)
2026-04-08 16:18:08,672 [INFO]   [East Greenland] 페이지 2: 100건 (누적 200건)
2026-04-08 16:18:09,509 [INFO]   [East Greenland] 페이지 3: 22건 (누적 222건)
2026-04-08 16:18:09,509 [INFO] [East Greenland] 검색 결과: 222건
2026-04-08 16:18:09,510 [INFO]   [DRY-RUN] S1C_IW_GRDH_1SDH_20260407T203037_20260407T203102_007115_00E691_BD22.SAFE (1635MB)
2026-04-08 16:18:09,511 [INFO]   [DRY-RUN] S1C_IW_GRDH_1SDH_20260407T203012_20260407T203037_007115_00E691_CBA1.SAFE (1635MB)
2026-04-08 16:18:09,512 [INFO]   [DRY-RUN] S1C_IW_GRDH_1SDH_20260407T202947_20260407T203012_007115_00E691_B74F.SAFE (1634MB)
2026-04-08 16:18:09,512 [INFO]   [DRY-RUN] S1C_IW_GRDH_1SDH_20260407T202922_20260407T202947_007115_00E691_851C.SAFE (1634MB)
2026-04-08 16:18:09,513 [INFO]   [DRY-RUN] S1C_IW_GRDH_1SDH_20260407T202857_20260407T202922_007115_00E691_C884.SAFE (1633MB)
2026-04-08 16:18:09,513 [INFO]   [DRY-RUN] S1C_IW_GRDH_1SDH_20260407T202832_20260407T202857_007115_00E691_7D87.SAFE (1633MB)
2026-04-08 16:18:09,514 [INFO]   [DRY-RUN] S1C_IW_GRDH_1SDH_20260407T185438_20260407T185503_007114_00E688_EBEF.SAFE (1611MB)
2026-04-08 16:18:09,515 [INFO]   [DRY-RUN] S1C_IW_GRDH_1SDH_20260407T185413_20260407T185438_007114_00E688_DAA1.SAFE (1611MB)
2026-04-08 16:18:09,516 [INFO]   [DRY-RUN] S1C_IW_GRDH_1SDH_20260407T185348_20260407T185413_007114_00E688_8E4D.SAFE (1611MB)
2026-04-08 16:18:09,516 [INFO]   [DRY-RUN] S1C_IW_GRDH_1SDH_20260407T185323_20260407T185348_007114_00E688_9145.SAFE (1611MB)
2026-04-08 16:18:09,517 [INFO]   [DRY-RUN] S1C_IW_GRDH_1SDH_20260407T185258_20260407T185323_007114_00E688_9D61.SAFE (1610MB)
2026-04-08 16:18:09,517 [INFO]   [DRY-RUN] S1C_IW_GRDH_1SDH_20260407T185228_20260407T185258_007114_00E688_C969.SAFE (1887MB)
2026-04-08 16:18:09,518 [INFO]   [DRY-RUN] S1C_IW_GRDH_1SDV_20260407T185038_20260407T185111_007114_00E687_2FBB.SAFE (2137MB)
2026-04-08 16:18:09,518 [INFO]   [DRY-RUN] S1C_IW_GRDH_1SDV_20260407T185013_20260407T185038_007114_00E687_909B.SAFE (1622MB)
2026-04-08 16:18:09,519 [INFO]   [DRY-RUN] S1C_IW_GRDH_1SDV_20260407T184948_20260407T185013_007114_00E687_5F4F.SAFE (1622MB)
2026-04-08 16:18:09,519 [INFO]   [DRY-RUN] S1C_IW_GRDH_1SDH_20260407T091116_20260407T091141_007108_00E657_0C62.SAFE (1635MB)
2026-04-08 16:18:09,519 [INFO]   [DRY-RUN] S1C_IW_GRDH_1SDH_20260407T091051_20260407T091116_007108_00E657_E0B5.SAFE (1636MB)
2026-04-08 16:18:09,521 [INFO]   [DRY-RUN] S1C_IW_GRDH_1SDH_20260407T091026_20260407T091051_007108_00E657_6219.SAFE (1636MB)
2026-04-08 16:18:09,522 [INFO]   [DRY-RUN] S1C_IW_GRDH_1SDH_20260407T091001_20260407T091026_007108_00E657_B622.SAFE (1637MB)
2026-04-08 16:18:09,523 [INFO]   [DRY-RUN] S1C_IW_GRDH_1SDH_20260407T090936_20260407T091001_007108_00E657_4166.SAFE (1637MB)
2026-04-08 16:18:09,523 [INFO]   [DRY-RUN] S1C_IW_GRDH_1SDH_20260407T090911_20260407T090936_007108_00E657_01B9.SAFE (1638MB)
2026-04-08 16:18:09,524 [INFO]   [DRY-RUN] S1C_IW_GRDH_1SDH_20260407T090846_20260407T090911_007108_00E657_FC2E.SAFE (1638MB)
2026-04-08 16:18:09,524 [INFO]   [DRY-RUN] S1C_IW_GRDH_1SDH_20260407T090821_20260407T090846_007108_00E657_545A.SAFE (1639MB)
2026-04-08 16:18:09,525 [INFO]   [DRY-RUN] S1C_IW_GRDH_1SDH_20260407T090756_20260407T090821_007108_00E657_407B.SAFE (1639MB)
2026-04-08 16:18:09,526 [INFO]   [DRY-RUN] S1C_IW_GRDH_1SDH_20260407T090731_20260407T090756_007108_00E657_C8CE.SAFE (1639MB)
2026-04-08 16:18:09,527 [INFO]   [DRY-RUN] S1C_IW_GRDH_1SDH_20260407T090706_20260407T090731_007108_00E657_F966.SAFE (1640MB)
2026-04-08 16:18:09,527 [INFO]   [DRY-RUN] S1C_IW_GRDH_1SDH_20260407T090637_20260407T090706_007108_00E657_A8B7.SAFE (1922MB)
2026-04-08 16:18:09,528 [INFO]   [DRY-RUN] S1C_IW_GRDH_1SDV_20260407T073230_20260407T073255_007107_00E64D_EC73.SAFE (1625MB)
2026-04-08 16:18:09,528 [INFO]   [DRY-RUN] S1C_IW_GRDH_1SDV_20260407T073200_20260407T073230_007107_00E64D_67AD.SAFE (1906MB)
2026-04-08 16:18:09,529 [INFO]   [DRY-RUN] S1A_IW_GRDH_1SDV_20260406T185945_20260406T190005_063963_080BE2_C775.SAFE (1283MB)
2026-04-08 16:18:09,530 [INFO]   [DRY-RUN] S1A_IW_GRDH_1SDV_20260406T185920_20260406T185945_063963_080BE2_A3A5.SAFE (1610MB)
2026-04-08 16:18:09,531 [INFO]   [DRY-RUN] S1A_IW_GRDH_1SDH_20260406T172449_20260406T172514_063962_080BD6_8E9B.SAFE (1605MB)
2026-04-08 16:18:09,532 [INFO]   [DRY-RUN] S1A_IW_GRDH_1SDH_20260406T172420_20260406T172449_063962_080BD6_A356.SAFE (1865MB)
2026-04-08 16:18:09,532 [INFO]   [DRY-RUN] S1A_IW_GRDH_1SDH_20260406T092028_20260406T092053_063957_080BAA_EA84.SAFE (1659MB)
2026-04-08 16:18:09,533 [INFO]   [DRY-RUN] S1A_IW_GRDH_1SDH_20260406T091959_20260406T092028_063957_080BAA_8B2B.SAFE (1929MB)
2026-04-08 16:18:09,533 [INFO]   [DRY-RUN] S1A_IW_GRDH_1SDV_20260406T074157_20260406T074222_063956_080BA0_5D21.SAFE (1612MB)
2026-04-08 16:18:09,535 [INFO]   [DRY-RUN] S1A_IW_GRDH_1SDV_20260406T074128_20260406T074157_063956_080BA0_8140.SAFE (1874MB)
2026-04-08 16:18:09,535 [INFO]   [DRY-RUN] S1C_IW_GRDH_1SDH_20260405T191048_20260405T191113_007085_00E58C_64BE.SAFE (1616MB)
2026-04-08 16:18:09,536 [INFO]   [DRY-RUN] S1C_IW_GRDH_1SDH_20260405T191023_20260405T191048_007085_00E58C_F919.SAFE (1616MB)
2026-04-08 16:18:09,536 [INFO]   [DRY-RUN] S1C_IW_GRDH_1SDH_20260405T190958_20260405T191023_007085_00E58C_C643.SAFE (1616MB)
2026-04-08 16:18:09,537 [INFO]   [DRY-RUN] S1C_IW_GRDH_1SDH_20260405T190933_20260405T190958_007085_00E58C_3244.SAFE (1615MB)
2026-04-08 16:18:09,537 [INFO]   [DRY-RUN] S1C_IW_GRDH_1SDH_20260405T190908_20260405T190933_007085_00E58C_8FAF.SAFE (1615MB)
2026-04-08 16:18:09,538 [INFO]   [DRY-RUN] S1C_IW_GRDH_1SDH_20260405T190843_20260405T190908_007085_00E58C_7C60.SAFE (1615MB)
2026-04-08 16:18:09,538 [INFO]   [DRY-RUN] S1C_IW_GRDH_1SDH_20260405T190814_20260405T190843_007085_00E58C_48F9.SAFE (1892MB)
2026-04-08 16:18:09,539 [INFO]   [DRY-RUN] S1C_IW_GRDH_1SDH_20260405T092738_20260405T092803_007079_00E561_6581.SAFE (1682MB)
2026-04-08 16:18:09,540 [INFO]   [DRY-RUN] S1C_IW_GRDH_1SDH_20260405T092713_20260405T092738_007079_00E561_A565.SAFE (1682MB)
2026-04-08 16:18:09,540 [INFO]   [DRY-RUN] S1C_IW_GRDH_1SDH_20260405T092648_20260405T092713_007079_00E561_8AEB.SAFE (1683MB)
2026-04-08 16:18:09,540 [INFO]   [DRY-RUN] S1C_IW_GRDH_1SDH_20260405T092623_20260405T092648_007079_00E561_EDB1.SAFE (1683MB)
2026-04-08 16:18:09,542 [INFO]   [DRY-RUN] S1C_IW_GRDH_1SDH_20260405T092558_20260405T092623_007079_00E561_75EA.SAFE (1683MB)
2026-04-08 16:18:09,543 [INFO]   [DRY-RUN] S1C_IW_GRDH_1SDH_20260405T092533_20260405T092558_007079_00E561_477B.SAFE (1684MB)
2026-04-08 16:18:09,544 [INFO]   [DRY-RUN] S1C_IW_GRDH_1SDH_20260405T092508_20260405T092533_007079_00E561_1FBF.SAFE (1684MB)
2026-04-08 16:18:09,544 [INFO]   [DRY-RUN] S1C_IW_GRDH_1SDH_20260405T092443_20260405T092508_007079_00E561_62ED.SAFE (1685MB)
2026-04-08 16:18:09,545 [INFO]   [DRY-RUN] S1C_IW_GRDH_1SDH_20260405T092418_20260405T092443_007079_00E561_B8A4.SAFE (1685MB)
2026-04-08 16:18:09,545 [INFO]   [DRY-RUN] S1C_IW_GRDH_1SDH_20260405T092353_20260405T092418_007079_00E561_F4D1.SAFE (1685MB)
2026-04-08 16:18:09,546 [INFO]   [DRY-RUN] S1C_IW_GRDH_1SDH_20260405T092328_20260405T092353_007079_00E561_781D.SAFE (1685MB)
2026-04-08 16:18:09,546 [INFO]   [DRY-RUN] S1C_IW_GRDH_1SDH_20260404T182939_20260404T183004_007070_00E50A_18A3.SAFE (1614MB)
2026-04-08 16:18:09,547 [INFO]   [DRY-RUN] S1C_IW_GRDH_1SDH_20260404T182914_20260404T182939_007070_00E50A_1299.SAFE (1614MB)
2026-04-08 16:18:09,547 [INFO]   [DRY-RUN] S1C_IW_GRDH_1SDH_20260404T182849_20260404T182914_007070_00E50A_B5FA.SAFE (1614MB)
2026-04-08 16:18:09,548 [INFO]   [DRY-RUN] S1C_IW_GRDH_1SDH_20260404T182824_20260404T182849_007070_00E50A_2043.SAFE (1614MB)
2026-04-08 16:18:09,549 [INFO]   [DRY-RUN] S1C_IW_GRDH_1SDH_20260404T182759_20260404T182824_007070_00E50A_7A62.SAFE (1613MB)
2026-04-08 16:18:09,549 [INFO]   [DRY-RUN] S1C_IW_GRDH_1SDH_20260404T182730_20260404T182759_007070_00E50A_EC2F.SAFE (1890MB)
2026-04-08 16:18:09,550 [INFO]   [DRY-RUN] S1A_IW_GRDH_1SDV_20260404T075820_20260404T075845_063927_080A89_D4CB.SAFE (1612MB)
2026-04-08 16:18:09,550 [INFO]   [DRY-RUN] S1A_IW_GRDH_1SDV_20260404T075751_20260404T075820_063927_080A89_5EAE.SAFE (1874MB)
2026-04-08 16:18:09,551 [INFO]   [DRY-RUN] S1A_IW_GRDH_1SDV_20260403T183522_20260403T183539_063919_080A38_9127.SAFE (1098MB)
2026-04-08 16:18:09,551 [INFO]   [DRY-RUN] S1A_IW_GRDH_1SDV_20260403T183457_20260403T183522_063919_080A38_257F.SAFE (1615MB)
2026-04-08 16:18:09,552 [INFO]   [DRY-RUN] S1A_IW_GRDH_1SDV_20260403T183432_20260403T183457_063919_080A38_4110.SAFE (1614MB)
2026-04-08 16:18:09,552 [INFO]   [DRY-RUN] S1C_IW_GRDH_1SDH_20260403T094331_20260403T094356_007050_00E45E_34BA.SAFE (1679MB)
2026-04-08 16:18:09,553 [INFO]   [DRY-RUN] S1C_IW_GRDH_1SDH_20260403T094306_20260403T094331_007050_00E45E_C863.SAFE (1679MB)
2026-04-08 16:18:09,553 [INFO]   [DRY-RUN] S1C_IW_GRDH_1SDH_20260403T094241_20260403T094306_007050_00E45E_A9CF.SAFE (1680MB)
2026-04-08 16:18:09,554 [INFO]   [DRY-RUN] S1C_IW_GRDH_1SDH_20260403T094216_20260403T094241_007050_00E45E_C9F9.SAFE (1680MB)
2026-04-08 16:18:09,554 [INFO]   [DRY-RUN] S1C_IW_GRDH_1SDH_20260403T094151_20260403T094216_007050_00E45E_9238.SAFE (1680MB)
2026-04-08 16:18:09,555 [INFO]   [DRY-RUN] S1C_IW_GRDH_1SDH_20260403T094126_20260403T094151_007050_00E45E_5415.SAFE (1681MB)
2026-04-08 16:18:09,555 [INFO]   [DRY-RUN] S1C_IW_GRDH_1SDH_20260403T094101_20260403T094126_007050_00E45E_84CE.SAFE (1681MB)
2026-04-08 16:18:09,556 [INFO]   [DRY-RUN] S1C_IW_GRDH_1SDH_20260403T094036_20260403T094101_007050_00E45E_5809.SAFE (1681MB)
2026-04-08 16:18:09,557 [INFO]   [DRY-RUN] S1C_IW_GRDH_1SDH_20260403T094011_20260403T094036_007050_00E45E_FFE8.SAFE (1682MB)
2026-04-08 16:18:09,558 [INFO]   [DRY-RUN] S1C_IW_GRDH_1SDH_20260403T093946_20260403T094011_007050_00E45E_3FEA.SAFE (1682MB)
2026-04-08 16:18:09,560 [INFO]   [DRY-RUN] S1A_IW_GRDH_1SDH_20260403T085543_20260403T085608_063913_0809FC_612B.SAFE (1631MB)
2026-04-08 16:18:09,561 [INFO]   [DRY-RUN] S1A_IW_GRDH_1SDH_20260403T085518_20260403T085543_063913_0809FC_314A.SAFE (1631MB)
2026-04-08 16:18:09,562 [INFO]   [DRY-RUN] S1A_IW_GRDH_1SDH_20260403T085453_20260403T085518_063913_0809FC_D65E.SAFE (1632MB)
2026-04-08 16:18:09,562 [INFO]   [DRY-RUN] S1A_IW_GRDH_1SDH_20260403T085428_20260403T085453_063913_0809FC_0EAB.SAFE (1632MB)
2026-04-08 16:18:09,566 [INFO]   [DRY-RUN] S1A_IW_GRDH_1SDH_20260403T085403_20260403T085428_063913_0809FC_5CF1.SAFE (1632MB)
2026-04-08 16:18:09,566 [INFO]   [DRY-RUN] S1A_IW_GRDH_1SDH_20260403T085334_20260403T085403_063913_0809FC_E174.SAFE (1898MB)
2026-04-08 16:18:09,567 [INFO]   [DRY-RUN] S1C_IW_GRDH_1SDH_20260402T202329_20260402T202354_007042_00E41C_FB96.SAFE (1640MB)
2026-04-08 16:18:09,568 [INFO]   [DRY-RUN] S1C_IW_GRDH_1SDH_20260402T202304_20260402T202329_007042_00E41C_C31B.SAFE (1640MB)
2026-04-08 16:18:09,568 [INFO]   [DRY-RUN] S1C_IW_GRDH_1SDH_20260402T202239_20260402T202304_007042_00E41C_A7C2.SAFE (1640MB)
2026-04-08 16:18:09,569 [INFO]   [DRY-RUN] S1C_IW_GRDH_1SDH_20260402T202214_20260402T202239_007042_00E41C_4537.SAFE (1639MB)
2026-04-08 16:18:09,569 [INFO]   [DRY-RUN] S1C_IW_GRDH_1SDH_20260402T202149_20260402T202214_007042_00E41C_47F1.SAFE (1638MB)
2026-04-08 16:18:09,570 [INFO]   [DRY-RUN] S1C_IW_GRDH_1SDH_20260402T202124_20260402T202149_007042_00E41C_5F4E.SAFE (1638MB)
2026-04-08 16:18:09,570 [INFO]   [DRY-RUN] S1C_IW_GRDH_1SDH_20260402T202059_20260402T202124_007042_00E41C_F537.SAFE (1637MB)
2026-04-08 16:18:09,570 [INFO]   [DRY-RUN] S1C_IW_GRDH_1SDH_20260402T202034_20260402T202059_007042_00E41C_7D1C.SAFE (1637MB)
2026-04-08 16:18:09,571 [INFO]   [DRY-RUN] S1A_IW_GRDH_1SDH_20260402T193323_20260402T193337_063905_0809B6_FDA7.SAFE (907MB)
2026-04-08 16:18:09,572 [INFO]   [DRY-RUN] S1A_IW_GRDH_1SDH_20260402T193258_20260402T193323_063905_0809B6_45FC.SAFE (1616MB)
2026-04-08 16:18:09,572 [INFO]   [DRY-RUN] S1A_IW_GRDH_1SDH_20260402T193233_20260402T193258_063905_0809B6_11DF.SAFE (1615MB)
2026-04-08 16:18:09,573 [INFO]   [DRY-RUN] S1A_IW_GRDH_1SDH_20260402T193208_20260402T193233_063905_0809B6_F48A.SAFE (1614MB)
2026-04-08 16:18:09,573 [INFO]   [DRY-RUN] S1A_IW_GRDH_1SDH_20260402T095146_20260402T095215_063899_08097C_D82E.SAFE (1910MB)
2026-04-08 16:18:09,574 [INFO]   [DRY-RUN] S1A_IW_GRDH_1SDH_20260402T081328_20260402T081358_063898_08096D_D533.SAFE (1932MB)
2026-04-08 16:18:09,575 [INFO]   [DRY-RUN] S1A_IW_GRDH_1SDH_20260402T081303_20260402T081328_063898_08096D_F984.SAFE (1618MB)
2026-04-08 16:18:09,576 [INFO]   [DRY-RUN] S1A_IW_GRDH_1SDH_20260402T081238_20260402T081303_063898_08096D_607B.SAFE (1618MB)
2026-04-08 16:18:09,577 [INFO]   [DRY-RUN] S1A_IW_GRDH_1SDH_20260402T081213_20260402T081238_063898_08096D_77FA.SAFE (1618MB)
2026-04-08 16:18:09,578 [INFO]   [DRY-RUN] S1A_IW_GRDH_1SDH_20260402T081148_20260402T081213_063898_08096D_67E6.SAFE (1619MB)
2026-04-08 16:18:09,578 [INFO]   [DRY-RUN] S1A_IW_GRDH_1SDH_20260402T081123_20260402T081148_063898_08096D_8135.SAFE (1619MB)
2026-04-08 16:18:09,579 [INFO]   [DRY-RUN] S1A_IW_GRDH_1SDH_20260402T081058_20260402T081123_063898_08096D_7697.SAFE (1620MB)
2026-04-08 16:18:09,579 [INFO]   [DRY-RUN] S1A_IW_GRDH_1SDH_20260402T081033_20260402T081058_063898_08096D_A210.SAFE (1620MB)
2026-04-08 16:18:09,579 [INFO]   [DRY-RUN] S1A_IW_GRDH_1SDH_20260401T203018_20260401T203048_063891_08092A_117D.SAFE (1948MB)
2026-04-08 16:18:09,580 [INFO]   [DRY-RUN] S1A_IW_GRDH_1SDH_20260401T202953_20260401T203018_063891_08092A_A536.SAFE (1630MB)
2026-04-08 16:18:09,580 [INFO]   [DRY-RUN] S1C_IW_GRDH_1SDH_20260401T194334_20260401T194359_007027_00E3AA_5C8B.SAFE (1626MB)
2026-04-08 16:18:09,582 [INFO]   [DRY-RUN] S1C_IW_GRDH_1SDH_20260401T194309_20260401T194334_007027_00E3AA_F1C9.SAFE (1625MB)
2026-04-08 16:18:09,582 [INFO]   [DRY-RUN] S1C_IW_GRDH_1SDH_20260401T194244_20260401T194309_007027_00E3AA_A296.SAFE (1625MB)
2026-04-08 16:18:09,583 [INFO]   [DRY-RUN] S1C_IW_GRDH_1SDH_20260401T194219_20260401T194244_007027_00E3AA_ED76.SAFE (1625MB)
2026-04-08 16:18:09,583 [INFO]   [DRY-RUN] S1C_IW_GRDH_1SDH_20260401T194154_20260401T194219_007027_00E3AA_6CC9.SAFE (1624MB)
2026-04-08 16:18:09,584 [INFO]   [DRY-RUN] S1C_IW_GRDH_1SDH_20260401T194129_20260401T194154_007027_00E3AA_6479.SAFE (1624MB)
2026-04-08 16:18:09,584 [INFO]   [DRY-RUN] S1C_IW_GRDH_1SDH_20260401T194104_20260401T194129_007027_00E3AA_460F.SAFE (1623MB)
2026-04-08 16:18:09,585 [INFO]   [DRY-RUN] S1C_IW_GRDH_1SDH_20260401T194039_20260401T194104_007027_00E3AA_6CB9.SAFE (1623MB)
2026-04-08 16:18:09,585 [INFO]   [DRY-RUN] S1C_IW_GRDH_1SDH_20260401T194010_20260401T194039_007027_00E3AA_435F.SAFE (1901MB)
2026-04-08 16:18:09,586 [INFO]   [DRY-RUN] S1A_IW_GRDH_1SDV_20260401T185135_20260401T185149_063890_080921_56A2.SAFE (926MB)
2026-04-08 16:18:09,586 [INFO]   [DRY-RUN] S1A_IW_GRDH_1SDV_20260401T185110_20260401T185135_063890_080921_0576.SAFE (1610MB)
2026-04-08 16:18:09,587 [INFO]   [DRY-RUN] S1A_IW_GRDH_1SDV_20260401T185041_20260401T185110_063890_080921_6746.SAFE (1869MB)
2026-04-08 16:18:09,587 [INFO]   [DRY-RUN] S1C_IW_GRDH_1SDH_20260401T095838_20260401T095903_007021_00E376_094C.SAFE (1680MB)
2026-04-08 16:18:09,587 [INFO]   [DRY-RUN] S1C_IW_GRDH_1SDH_20260401T095813_20260401T095838_007021_00E376_00D4.SAFE (1680MB)
2026-04-08 16:18:09,588 [INFO]   [DRY-RUN] S1C_IW_GRDH_1SDH_20260401T095748_20260401T095813_007021_00E376_BE35.SAFE (1681MB)
2026-04-08 16:18:09,590 [INFO]   [DRY-RUN] S1C_IW_GRDH_1SDH_20260401T095723_20260401T095748_007021_00E376_CC1C.SAFE (1680MB)
2026-04-08 16:18:09,590 [INFO]   [DRY-RUN] S1C_IW_GRDH_1SDH_20260401T095658_20260401T095723_007021_00E376_5152.SAFE (1681MB)
2026-04-08 16:18:09,591 [INFO]   [DRY-RUN] S1C_IW_GRDH_1SDH_20260401T095633_20260401T095658_007021_00E376_C29B.SAFE (1681MB)
2026-04-08 16:18:09,593 [INFO]   [DRY-RUN] S1C_IW_GRDH_1SDH_20260401T095608_20260401T095633_007021_00E376_6DAA.SAFE (1682MB)
2026-04-08 16:18:09,594 [INFO]   [DRY-RUN] S1A_IW_GRDH_1SDH_20260401T091216_20260401T091241_063884_0808E2_2994.SAFE (1669MB)
2026-04-08 16:18:09,594 [INFO]   [DRY-RUN] S1A_IW_GRDH_1SDH_20260401T091151_20260401T091216_063884_0808E2_1EB7.SAFE (1669MB)
2026-04-08 16:18:09,595 [INFO]   [DRY-RUN] S1A_IW_GRDH_1SDH_20260401T091126_20260401T091151_063884_0808E2_8EBC.SAFE (1670MB)
2026-04-08 16:18:09,595 [INFO]   [DRY-RUN] S1A_IW_GRDH_1SDH_20260401T091101_20260401T091126_063884_0808E2_5567.SAFE (1670MB)
2026-04-08 16:18:09,596 [INFO]   [DRY-RUN] S1A_IW_GRDH_1SDH_20260401T091036_20260401T091101_063884_0808E2_ADBF.SAFE (1670MB)
2026-04-08 16:18:09,596 [INFO]   [DRY-RUN] S1A_IW_GRDH_1SDH_20260401T091011_20260401T091036_063884_0808E2_00C0.SAFE (1671MB)
2026-04-08 16:18:09,596 [INFO]   [DRY-RUN] S1A_IW_GRDH_1SDH_20260401T090946_20260401T091011_063884_0808E2_6BB0.SAFE (1672MB)
2026-04-08 16:18:09,597 [INFO]   [DRY-RUN] S1A_IW_GRDH_1SDH_20260401T090921_20260401T090946_063884_0808E2_B604.SAFE (1672MB)
2026-04-08 16:18:09,598 [INFO]   [DRY-RUN] S1A_IW_GRDH_1SDH_20260401T090856_20260401T090921_063884_0808E2_BA82.SAFE (1672MB)
2026-04-08 16:18:09,598 [INFO]   [DRY-RUN] S1A_IW_GRDH_1SDH_20260401T090827_20260401T090856_063884_0808E2_24C9.SAFE (1944MB)
2026-04-08 16:18:09,599 [INFO]   [DRY-RUN] S1A_IW_GRDH_1SDV_20260401T073347_20260401T073412_063883_0808D5_99DF.SAFE (1613MB)
2026-04-08 16:18:09,599 [INFO]   [DRY-RUN] S1A_IW_GRDH_1SDV_20260401T073317_20260401T073347_063883_0808D5_009E.SAFE (1873MB)
2026-04-08 16:18:09,600 [INFO]   [DRY-RUN] S1C_IW_GRDH_1SDV_20260331T185853_20260331T185920_007012_00E32E_3A01.SAFE (1779MB)
2026-04-08 16:18:09,600 [INFO]   [DRY-RUN] S1C_IW_GRDH_1SDV_20260331T185828_20260331T185853_007012_00E32E_08A6.SAFE (1622MB)
2026-04-08 16:18:09,601 [INFO]   [DRY-RUN] S1C_IW_GRDH_1SDV_20260331T185803_20260331T185828_007012_00E32E_145E.SAFE (1621MB)
2026-04-08 16:18:09,601 [INFO]   [DRY-RUN] S1C_IW_GRDH_1SDH_20260331T172349_20260331T172418_007011_00E325_193E.SAFE (1879MB)
2026-04-08 16:18:09,601 [INFO]   [DRY-RUN] S1C_IW_GRDH_1SDH_20260331T105355_20260331T105420_007007_00E30C_FC4B.SAFE (1608MB)
2026-04-08 16:18:09,602 [INFO]   [DRY-RUN] S1C_IW_GRDH_1SDH_20260331T091943_20260331T092008_007006_00E300_3B14.SAFE (1659MB)
2026-04-08 16:18:09,602 [INFO]   [DRY-RUN] S1C_IW_GRDH_1SDH_20260331T091914_20260331T091943_007006_00E300_B59F.SAFE (1945MB)
2026-04-08 16:18:09,603 [INFO]   [DRY-RUN] S1C_IW_GRDH_1SDV_20260331T074059_20260331T074124_007005_00E2F3_E2EB.SAFE (1625MB)
2026-04-08 16:18:09,603 [INFO]   [DRY-RUN] S1C_IW_GRDH_1SDV_20260331T074034_20260331T074059_007005_00E2F3_3E02.SAFE (1625MB)
2026-04-08 16:18:09,603 [INFO]   [DRY-RUN] S1C_IW_GRDH_1SDV_20260331T074004_20260331T074034_007005_00E2F3_4C1F.SAFE (1905MB)
2026-04-08 16:18:09,604 [INFO]   [DRY-RUN] S1C_IW_GRDH_1SDH_20260330T182141_20260330T182206_006997_00E2A9_111D.SAFE (1608MB)
2026-04-08 16:18:09,604 [INFO]   [DRY-RUN] S1C_IW_GRDH_1SDH_20260330T182116_20260330T182141_006997_00E2A9_B0BD.SAFE (1607MB)
2026-04-08 16:18:09,605 [INFO]   [DRY-RUN] S1C_IW_GRDH_1SDH_20260330T182051_20260330T182116_006997_00E2A9_9AAD.SAFE (1607MB)
2026-04-08 16:18:09,606 [INFO]   [DRY-RUN] S1C_IW_GRDH_1SDH_20260330T182022_20260330T182051_006997_00E2A9_92D4.SAFE (1884MB)
2026-04-08 16:18:09,606 [INFO]   [DRY-RUN] S1A_IW_GRDH_1SDH_20260330T092839_20260330T092904_063855_0807D2_1CB3.SAFE (1645MB)
2026-04-08 16:18:09,606 [INFO]   [DRY-RUN] S1A_IW_GRDH_1SDH_20260330T092810_20260330T092839_063855_0807D2_8C48.SAFE (1912MB)
2026-04-08 16:18:09,607 [INFO]   [DRY-RUN] S1C_IW_GRDH_1SDH_20260330T083835_20260330T083900_006991_00E27D_228C.SAFE (1640MB)
2026-04-08 16:18:09,608 [INFO]   [DRY-RUN] S1C_IW_GRDH_1SDH_20260330T083810_20260330T083835_006991_00E27D_9273.SAFE (1640MB)
2026-04-08 16:18:09,610 [INFO]   [DRY-RUN] S1C_IW_GRDH_1SDH_20260330T083745_20260330T083810_006991_00E27D_81A2.SAFE (1641MB)
2026-04-08 16:18:09,611 [INFO]   [DRY-RUN] S1C_IW_GRDH_1SDH_20260330T083720_20260330T083745_006991_00E27D_53DF.SAFE (1641MB)
2026-04-08 16:18:09,611 [INFO]   [DRY-RUN] S1C_IW_GRDH_1SDH_20260330T083655_20260330T083720_006991_00E27D_375F.SAFE (1642MB)
2026-04-08 16:18:09,612 [INFO]   [DRY-RUN] S1C_IW_GRDH_1SDH_20260330T083630_20260330T083655_006991_00E27D_4E9D.SAFE (1642MB)
2026-04-08 16:18:09,612 [INFO]   [DRY-RUN] S1C_IW_GRDH_1SDH_20260330T083605_20260330T083630_006991_00E27D_852B.SAFE (1642MB)
2026-04-08 16:18:09,613 [INFO]   [DRY-RUN] S1C_IW_GRDH_1SDH_20260330T083540_20260330T083605_006991_00E27D_F8E4.SAFE (1643MB)
2026-04-08 16:18:09,613 [INFO]   [DRY-RUN] S1C_IW_GRDH_1SDH_20260330T083515_20260330T083540_006991_00E27D_6880.SAFE (1643MB)
2026-04-08 16:18:09,613 [INFO]   [DRY-RUN] S1C_IW_GRDH_1SDH_20260330T083450_20260330T083515_006991_00E27D_40F4.SAFE (1643MB)
2026-04-08 16:18:09,615 [INFO]   [DRY-RUN] S1C_IW_GRDH_1SDH_20260330T083425_20260330T083450_006991_00E27D_566F.SAFE (1644MB)
2026-04-08 16:18:09,616 [INFO]   [DRY-RUN] S1C_IW_GRDH_1SDH_20260330T083400_20260330T083425_006991_00E27D_8CB3.SAFE (1644MB)
2026-04-08 16:18:09,616 [INFO]   [DRY-RUN] S1A_IW_GRDH_1SDH_20260329T183046_20260329T183111_063846_080780_E989.SAFE (1619MB)
2026-04-08 16:18:09,617 [INFO]   [DRY-RUN] S1A_IW_GRDH_1SDH_20260329T183021_20260329T183046_063846_080780_A87C.SAFE (1619MB)
2026-04-08 16:18:09,617 [INFO]   [DRY-RUN] S1A_IW_GRDH_1SDH_20260329T182956_20260329T183021_063846_080780_4EBC.SAFE (1619MB)
2026-04-08 16:18:09,618 [INFO]   [DRY-RUN] S1A_IW_GRDH_1SDH_20260329T182931_20260329T182956_063846_080780_00CE.SAFE (1618MB)
2026-04-08 16:18:09,618 [INFO]   [DRY-RUN] S1A_IW_GRDH_1SDH_20260329T182906_20260329T182931_063846_080780_622A.SAFE (1618MB)
2026-04-08 16:18:09,619 [INFO]   [DRY-RUN] S1A_IW_GRDH_1SDH_20260329T182841_20260329T182906_063846_080780_ACBC.SAFE (1618MB)
2026-04-08 16:18:09,619 [INFO]   [DRY-RUN] S1A_IW_GRDH_1SDH_20260329T182816_20260329T182841_063846_080780_3941.SAFE (1617MB)
2026-04-08 16:18:09,619 [INFO]   [DRY-RUN] S1A_IW_GRDH_1SDH_20260329T182747_20260329T182816_063846_080780_B8DA.SAFE (1878MB)
2026-04-08 16:18:09,620 [INFO]   [DRY-RUN] S1C_IW_GRDH_1SDH_20260329T093558_20260329T093623_006977_00E1FB_B5D6.SAFE (1655MB)
2026-04-08 16:18:09,620 [INFO]   [DRY-RUN] S1C_IW_GRDH_1SDH_20260329T093529_20260329T093558_006977_00E1FB_1ABA.SAFE (1940MB)
2026-04-08 16:18:09,621 [INFO]   [DRY-RUN] S1A_IW_GRDH_1SDH_20260329T084739_20260329T084804_063840_08074C_2479.SAFE (1628MB)
2026-04-08 16:18:09,622 [INFO]   [DRY-RUN] S1A_IW_GRDH_1SDH_20260329T084714_20260329T084739_063840_08074C_AF16.SAFE (1628MB)
2026-04-08 16:18:09,623 [INFO]   [DRY-RUN] S1A_IW_GRDH_1SDH_20260329T084645_20260329T084714_063840_08074C_33C5.SAFE (1893MB)
2026-04-08 16:18:09,624 [INFO]   [DRY-RUN] S1C_IW_GRDH_1SDV_20260329T075722_20260329T075747_006976_00E1EF_5BED.SAFE (1622MB)
2026-04-08 16:18:09,626 [INFO]   [DRY-RUN] S1C_IW_GRDH_1SDV_20260329T075657_20260329T075722_006976_00E1EF_59EA.SAFE (1622MB)
2026-04-08 16:18:09,628 [INFO]   [DRY-RUN] S1C_IW_GRDH_1SDV_20260329T075628_20260329T075657_006976_00E1EF_5446.SAFE (1902MB)
2026-04-08 16:18:09,629 [INFO]   [DRY-RUN] S1C_IW_GRDH_1SDH_20260328T201544_20260328T201609_006969_00E1B3_0A38.SAFE (1633MB)
2026-04-08 16:18:09,630 [INFO]   [DRY-RUN] S1C_IW_GRDH_1SDH_20260328T201519_20260328T201544_006969_00E1B3_0C9E.SAFE (1633MB)
2026-04-08 16:18:09,630 [INFO]   [DRY-RUN] S1C_IW_GRDH_1SDH_20260328T201454_20260328T201519_006969_00E1B3_43E4.SAFE (1633MB)
2026-04-08 16:18:09,631 [INFO]   [DRY-RUN] S1C_IW_GRDH_1SDH_20260328T201429_20260328T201454_006969_00E1B3_D746.SAFE (1632MB)
2026-04-08 16:18:09,631 [INFO]   [DRY-RUN] S1C_IW_GRDH_1SDH_20260328T201404_20260328T201429_006969_00E1B3_C6DC.SAFE (1631MB)
2026-04-08 16:18:09,632 [INFO]   [DRY-RUN] S1C_IW_GRDH_1SDH_20260328T201339_20260328T201404_006969_00E1B3_1A7E.SAFE (1631MB)
2026-04-08 16:18:09,632 [INFO]   [DRY-RUN] S1C_IW_GRDH_1SDH_20260328T201314_20260328T201339_006969_00E1B3_EFB8.SAFE (1630MB)
2026-04-08 16:18:09,632 [INFO]   [DRY-RUN] S1C_IW_GRDH_1SDH_20260328T201249_20260328T201314_006969_00E1B3_447D.SAFE (1630MB)
2026-04-08 16:18:09,633 [INFO]   [DRY-RUN] S1C_IW_GRDH_1SDH_20260328T201224_20260328T201249_006969_00E1B3_04D9.SAFE (1630MB)
2026-04-08 16:18:09,633 [INFO]   [DRY-RUN] S1C_IW_GRDH_1SDV_20260328T183424_20260328T183446_006968_00E1A9_EB72.SAFE (1437MB)
2026-04-08 16:18:09,634 [INFO]   [DRY-RUN] S1C_IW_GRDH_1SDV_20260328T183359_20260328T183424_006968_00E1A9_6551.SAFE (1615MB)
2026-04-08 16:18:09,634 [INFO]   [DRY-RUN] S1C_IW_GRDH_1SDV_20260328T183334_20260328T183359_006968_00E1A9_F0BC.SAFE (1614MB)
2026-04-08 16:18:09,634 [INFO]   [DRY-RUN] S1C_IW_GRDH_1SDH_20260328T085505_20260328T085523_006962_00E169_5E76.SAFE (1165MB)
2026-04-08 16:18:09,635 [INFO]   [DRY-RUN] S1C_IW_GRDH_1SDH_20260328T085440_20260328T085505_006962_00E169_D910.SAFE (1626MB)
2026-04-08 16:18:09,636 [INFO]   [DRY-RUN] S1C_IW_GRDH_1SDH_20260328T085415_20260328T085440_006962_00E169_393C.SAFE (1627MB)
2026-04-08 16:18:09,636 [INFO]   [DRY-RUN] S1C_IW_GRDH_1SDH_20260328T085350_20260328T085415_006962_00E169_FE4C.SAFE (1627MB)
2026-04-08 16:18:09,636 [INFO]   [DRY-RUN] S1C_IW_GRDH_1SDH_20260328T085325_20260328T085350_006962_00E169_BF7A.SAFE (1628MB)
2026-04-08 16:18:09,637 [INFO]   [DRY-RUN] S1C_IW_GRDH_1SDH_20260328T085300_20260328T085325_006962_00E169_F5BA.SAFE (1628MB)
2026-04-08 16:18:09,638 [INFO]   [DRY-RUN] S1C_IW_GRDH_1SDH_20260328T085235_20260328T085300_006962_00E169_E5A9.SAFE (1628MB)
2026-04-08 16:18:09,638 [INFO]   [DRY-RUN] S1C_IW_GRDH_1SDH_20260328T085210_20260328T085235_006962_00E169_CD78.SAFE (1629MB)
2026-04-08 16:18:09,639 [INFO]   [DRY-RUN] S1C_IW_GRDH_1SDH_20260328T085145_20260328T085210_006962_00E169_C6B8.SAFE (1629MB)
2026-04-08 16:18:09,639 [INFO]   [DRY-RUN] S1C_IW_GRDH_1SDH_20260328T085120_20260328T085145_006962_00E169_35CD.SAFE (1629MB)
2026-04-08 16:18:09,640 [INFO]   [DRY-RUN] S1C_IW_GRDH_1SDH_20260328T085055_20260328T085120_006962_00E169_D133.SAFE (1630MB)
2026-04-08 16:18:09,640 [INFO]   [DRY-RUN] S1C_IW_GRDH_1SDH_20260328T085030_20260328T085055_006962_00E169_B5C4.SAFE (1630MB)
2026-04-08 16:18:09,641 [INFO]   [DRY-RUN] S1A_IW_GRDH_1SDV_20260327T184326_20260327T184338_063817_080677_115A.SAFE (741MB)
2026-04-08 16:18:09,642 [INFO]   [DRY-RUN] S1A_IW_GRDH_1SDV_20260327T184301_20260327T184326_063817_080677_F6CD.SAFE (1613MB)
2026-04-08 16:18:09,643 [INFO]   [DRY-RUN] S1A_IW_GRDH_1SDV_20260327T184236_20260327T184301_063817_080677_BAD0.SAFE (1612MB)
2026-04-08 16:18:09,646 [INFO]   [DRY-RUN] S1C_IW_GRDH_1SDH_20260327T095055_20260327T095125_006948_00E0EF_764D.SAFE (1948MB)
2026-04-08 16:18:09,647 [INFO]   [DRY-RUN] S1A_IW_GRDH_1SDH_20260327T090403_20260327T090428_063811_080634_5BC2.SAFE (1634MB)
2026-04-08 16:18:09,647 [INFO]   [DRY-RUN] S1A_IW_GRDH_1SDH_20260327T090338_20260327T090403_063811_080634_C6F2.SAFE (1634MB)
2026-04-08 16:18:09,648 [INFO]   [DRY-RUN] S1A_IW_GRDH_1SDH_20260327T090309_20260327T090338_063811_080634_B987.SAFE (1900MB)
2026-04-08 16:18:09,648 [INFO]   [DRY-RUN] S1C_IW_GRDH_1SDH_20260327T081340_20260327T081405_006947_00E0E3_B9ED.SAFE (1632MB)
2026-04-08 16:18:09,649 [INFO]   [DRY-RUN] S1C_IW_GRDH_1SDH_20260327T081315_20260327T081340_006947_00E0E3_552F.SAFE (1633MB)
2026-04-08 16:18:09,649 [INFO]   [DRY-RUN] S1C_IW_GRDH_1SDH_20260327T081250_20260327T081315_006947_00E0E3_8802.SAFE (1634MB)
2026-04-08 16:18:09,649 [INFO]   [DRY-RUN] S1C_IW_GRDH_1SDH_20260327T081225_20260327T081250_006947_00E0E3_0E0C.SAFE (1635MB)
2026-04-08 16:18:09,650 [INFO]   [DRY-RUN] S1C_IW_GRDH_1SDH_20260327T081200_20260327T081225_006947_00E0E3_5EFF.SAFE (1635MB)
2026-04-08 16:18:09,650 [INFO]   [DRY-RUN] S1C_IW_GRDH_1SDH_20260327T081135_20260327T081200_006947_00E0E3_CD28.SAFE (1635MB)
2026-04-08 16:18:09,651 [INFO]   [DRY-RUN] S1C_IW_GRDH_1SDH_20260327T081110_20260327T081135_006947_00E0E3_8BD0.SAFE (1636MB)
2026-04-08 16:18:09,651 [INFO]   [DRY-RUN] S1C_IW_GRDH_1SDH_20260327T081045_20260327T081110_006947_00E0E3_8844.SAFE (1636MB)
2026-04-08 16:18:09,651 [INFO]   [DRY-RUN] S1C_IW_GRDH_1SDH_20260327T081020_20260327T081045_006947_00E0E3_2B0B.SAFE (1636MB)
2026-04-08 16:18:09,652 [INFO]   [DRY-RUN] S1C_IW_GRDH_1SDH_20260327T080955_20260327T081020_006947_00E0E3_C417.SAFE (1637MB)
2026-04-08 16:18:09,653 [INFO]   [DRY-RUN] S1C_IW_GRDH_1SDH_20260327T080930_20260327T080955_006947_00E0E3_3D3E.SAFE (1637MB)
2026-04-08 16:18:09,653 [INFO] 
────────────────────────────────────────
2026-04-08 16:18:09,654 [INFO] AOI: Jakobshavn / Ilulissat (jakobshavn)
2026-04-08 16:18:09,654 [INFO] ────────────────────────────────────────
2026-04-08 16:18:10,505 [INFO]   [Jakobshavn / Ilulissat] 페이지 1: 57건 (누적 57건)
2026-04-08 16:18:10,506 [INFO] [Jakobshavn / Ilulissat] 검색 결과: 57건
2026-04-08 16:18:10,507 [INFO]   [DRY-RUN] S1C_IW_GRDH_1SDH_20260407T203102_20260407T203127_007115_00E691_FC89.SAFE (1636MB)
2026-04-08 16:18:10,507 [INFO]   [DRY-RUN] S1A_IW_GRDH_1SDH_20260407T095956_20260407T100025_063972_080C37_F038.SAFE (1894MB)
2026-04-08 16:18:10,508 [INFO]   [DRY-RUN] S1C_IW_GRDH_1SDH_20260406T100806_20260406T100831_007094_00E5E0_C434.SAFE (1688MB)
2026-04-08 16:18:10,509 [INFO]   [DRY-RUN] S1C_IW_GRDH_1SDH_20260406T100741_20260406T100806_007094_00E5E0_A4B4.SAFE (1688MB)
2026-04-08 16:18:10,509 [INFO]   [DRY-RUN] S1C_IW_GRDH_1SDH_20260406T100712_20260406T100741_007094_00E5E0_8811.SAFE (1979MB)
2026-04-08 16:18:10,510 [INFO]   [DRY-RUN] S1C_IW_GRDH_1SDH_20260405T204716_20260405T204741_007086_00E593_87D2.SAFE (1650MB)
2026-04-08 16:18:10,511 [INFO]   [DRY-RUN] S1C_IW_GRDH_1SDH_20260405T204651_20260405T204716_007086_00E593_1ADD.SAFE (1650MB)
2026-04-08 16:18:10,512 [INFO]   [DRY-RUN] S1C_IW_GRDH_1SDH_20260405T204626_20260405T204651_007086_00E593_1F5F.SAFE (1649MB)
2026-04-08 16:18:10,513 [INFO]   [DRY-RUN] S1C_IW_GRDH_1SDH_20260405T204601_20260405T204626_007086_00E593_F50C.SAFE (1648MB)
2026-04-08 16:18:10,514 [INFO]   [DRY-RUN] S1C_IW_GRDH_1SDH_20260404T102425_20260404T102450_007065_00E4E1_5C70.SAFE (1636MB)
2026-04-08 16:18:10,515 [INFO]   [DRY-RUN] S1C_IW_GRDH_1SDH_20260404T102400_20260404T102425_007065_00E4E1_42D6.SAFE (1636MB)
2026-04-08 16:18:10,516 [INFO]   [DRY-RUN] S1C_IW_GRDH_1SDH_20260404T102331_20260404T102400_007065_00E4E1_FC97.SAFE (1918MB)
2026-04-08 16:18:10,519 [INFO]   [DRY-RUN] S1C_IW_GRDH_1SDH_20260403T210331_20260403T210356_007057_00E49D_178B.SAFE (1628MB)
2026-04-08 16:18:10,520 [INFO]   [DRY-RUN] S1C_IW_GRDH_1SDH_20260403T210306_20260403T210331_007057_00E49D_5F86.SAFE (1627MB)
2026-04-08 16:18:10,520 [INFO]   [DRY-RUN] S1C_IW_GRDH_1SDH_20260403T210241_20260403T210306_007057_00E49D_0795.SAFE (1627MB)
2026-04-08 16:18:10,521 [INFO]   [DRY-RUN] S1A_IW_GRDH_1SDH_20260402T095240_20260402T095305_063899_08097C_F87A.SAFE (1643MB)
2026-04-08 16:18:10,521 [INFO]   [DRY-RUN] S1A_IW_GRDH_1SDH_20260402T095215_20260402T095240_063899_08097C_38BF.SAFE (1643MB)
2026-04-08 16:18:10,522 [INFO]   [DRY-RUN] S1C_IW_GRDH_1SDH_20260401T095953_20260401T100018_007021_00E376_06DC.SAFE (1679MB)
2026-04-08 16:18:10,522 [INFO]   [DRY-RUN] S1C_IW_GRDH_1SDH_20260401T095928_20260401T095953_007021_00E376_52BE.SAFE (1679MB)
2026-04-08 16:18:10,523 [INFO]   [DRY-RUN] S1C_IW_GRDH_1SDH_20260401T095903_20260401T095928_007021_00E376_CDA7.SAFE (1680MB)
2026-04-08 16:18:10,523 [INFO]   [DRY-RUN] S1A_IW_GRDH_1SDH_20260330T204825_20260330T204850_063862_08080D_3B4A.SAFE (1646MB)
2026-04-08 16:18:10,524 [INFO]   [DRY-RUN] S1A_IW_GRDH_1SDH_20260330T204800_20260330T204825_063862_08080D_3969.SAFE (1646MB)
2026-04-08 16:18:10,524 [INFO]   [DRY-RUN] S1A_IW_GRDH_1SDH_20260330T204735_20260330T204800_063862_08080D_9D3F.SAFE (1646MB)
2026-04-08 16:18:10,525 [INFO]   [DRY-RUN] S1A_IW_GRDH_1SDH_20260330T204710_20260330T204735_063862_08080D_381C.SAFE (1645MB)
2026-04-08 16:18:10,527 [INFO]   [DRY-RUN] S1C_IW_GRDH_1SDH_20260330T101612_20260330T101637_006992_00E286_F10F.SAFE (1690MB)
2026-04-08 16:18:10,527 [INFO]   [DRY-RUN] S1C_IW_GRDH_1SDH_20260330T101547_20260330T101612_006992_00E286_79AF.SAFE (1690MB)
2026-04-08 16:18:10,528 [INFO]   [DRY-RUN] S1C_IW_GRDH_1SDH_20260330T101518_20260330T101547_006992_00E286_F6B1.SAFE (1981MB)
2026-04-08 16:18:10,529 [INFO]   [DRY-RUN] S1A_IW_GRDH_1SDH_20260328T210444_20260328T210509_063833_08070F_53F9.SAFE (1647MB)
2026-04-08 16:18:10,529 [INFO]   [DRY-RUN] S1A_IW_GRDH_1SDH_20260328T210419_20260328T210444_063833_08070F_00B4.SAFE (1647MB)
2026-04-08 16:18:10,530 [INFO]   [DRY-RUN] S1A_IW_GRDH_1SDH_20260328T210354_20260328T210419_063833_08070F_7D68.SAFE (1646MB)
2026-04-08 16:18:10,530 [INFO]   [DRY-RUN] S1A_IW_GRDH_1SDH_20260328T210329_20260328T210354_063833_08070F_E949.SAFE (1645MB)
2026-04-08 16:18:10,530 [INFO]   [DRY-RUN] S1C_IW_GRDH_1SDH_20260327T095150_20260327T095215_006948_00E0EF_5B7E.SAFE (1662MB)
2026-04-08 16:18:10,531 [INFO]   [DRY-RUN] S1C_IW_GRDH_1SDH_20260327T095125_20260327T095150_006948_00E0EF_328E.SAFE (1662MB)
2026-04-08 16:18:10,532 [INFO] 
────────────────────────────────────────
2026-04-08 16:18:10,533 [INFO] AOI: Novaya Zemlya (novaya_zemlya)
2026-04-08 16:18:10,534 [INFO] ────────────────────────────────────────
2026-04-08 16:18:11,300 [INFO]   [Novaya Zemlya] 페이지 1: 5건 (누적 5건)
2026-04-08 16:18:11,301 [INFO] [Novaya Zemlya] 검색 결과: 5건
2026-04-08 16:18:11,302 [INFO]   [DRY-RUN] S1C_IW_GRDH_1SDV_20260406T033241_20260406T033310_007090_00E5B7_74AA.SAFE (1994MB)
2026-04-08 16:18:11,303 [INFO]   [DRY-RUN] S1C_IW_GRDH_1SDV_20260402T022644_20260402T022714_007031_00E3C8_B90A.SAFE (1956MB)
2026-04-08 16:18:11,303 [INFO]   [DRY-RUN] S1C_IW_GRDH_1SDV_20260331T024306_20260331T024335_007002_00E2D8_ADF9.SAFE (1955MB)
2026-04-08 16:18:11,304 [INFO]   [DRY-RUN] S1C_IW_GRDH_1SDV_20260329T025932_20260329T030001_006973_00E1D0_4EDE.SAFE (1920MB)
2026-04-08 16:18:11,304 [INFO]   [DRY-RUN] S1C_IW_GRDH_1SDV_20260327T031618_20260327T031648_006944_00E0C7_A896.SAFE (1917MB)
2026-04-08 16:18:11,314 [INFO] 카탈로그 저장: sentinel1_catalog_latest.json (281건, 128KB)
2026-04-08 16:18:11,317 [INFO] 
==================================================
2026-04-08 16:18:11,320 [INFO]   완료 — 신규 281건, 다운로드 0건
2026-04-08 16:18:11,321 [INFO]   디스크 사용: 0.0GB / 50GB
2026-04-08 16:18:11,322 [INFO]   카탈로그: 281건
2026-04-08 16:18:11,323 [INFO] ==================================================
2026-04-08 16:18:49,327 [INFO] Sentinel-1 IW GRD 빙하 아카이브 수집 시작
2026-04-08 16:18:49,639 [INFO] 검색 기간: 2026-04-07 ~ 2026-04-07
2026-04-08 16:18:49,642 [INFO] 
────────────────────────────────────────
2026-04-08 16:18:49,642 [INFO] AOI: Svalbard (svalbard)
2026-04-08 16:18:49,642 [INFO] ────────────────────────────────────────
2026-04-08 16:18:49,643 [INFO] CDSE 토큰 발급 요청...
2026-04-08 16:18:51,280 [INFO] CDSE 토큰 발급 완료 (만료: 1800초)
2026-04-08 16:18:52,972 [INFO] [Svalbard] 검색 결과: 0건
2026-04-08 16:18:52,972 [INFO] 
────────────────────────────────────────
2026-04-08 16:18:52,973 [INFO] AOI: East Greenland (greenland_east)
2026-04-08 16:18:52,973 [INFO] ────────────────────────────────────────
2026-04-08 16:18:53,885 [INFO]   [East Greenland] 페이지 1: 29건 (누적 29건)
2026-04-08 16:18:53,886 [INFO] [East Greenland] 검색 결과: 29건
2026-04-08 16:18:53,887 [INFO] 
────────────────────────────────────────
2026-04-08 16:18:53,887 [INFO] AOI: Jakobshavn / Ilulissat (jakobshavn)
2026-04-08 16:18:53,888 [INFO] ────────────────────────────────────────
2026-04-08 16:18:54,452 [INFO]   [Jakobshavn / Ilulissat] 페이지 1: 5건 (누적 5건)
2026-04-08 16:18:54,453 [INFO] [Jakobshavn / Ilulissat] 검색 결과: 5건
2026-04-08 16:18:54,454 [INFO] 
────────────────────────────────────────
2026-04-08 16:18:54,454 [INFO] AOI: Novaya Zemlya (novaya_zemlya)
2026-04-08 16:18:54,454 [INFO] ────────────────────────────────────────
2026-04-08 16:18:54,996 [INFO] [Novaya Zemlya] 검색 결과: 0건
2026-04-08 16:18:55,005 [INFO] 카탈로그 저장: sentinel1_catalog_latest.json (281건, 128KB)
2026-04-08 16:18:55,010 [INFO] 
==================================================
2026-04-08 16:18:55,010 [INFO]   완료 — 신규 0건, 다운로드 0건
2026-04-08 16:18:55,011 [INFO]   디스크 사용: 0.0GB / 50GB
2026-04-08 16:18:55,011 [INFO]   카탈로그: 281건
2026-04-08 16:18:55,011 [INFO] ==================================================
2026-04-08 16:21:41,833 [INFO] Sentinel-1 IW GRD 빙하 아카이브 수집 시작
2026-04-08 16:22:11,931 [INFO] 검색 기간: 2026-03-27 ~ 2026-04-07
2026-04-08 16:22:12,024 [INFO] 
────────────────────────────────────────
2026-04-08 16:22:12,027 [INFO] AOI: Svalbard (svalbard)
2026-04-08 16:22:12,032 [INFO] ────────────────────────────────────────
2026-04-08 16:22:12,038 [INFO] CDSE 토큰 발급 요청...
2026-04-08 16:22:25,275 [INFO] CDSE 토큰 발급 완료 (만료: 1800초)
2026-04-08 16:22:38,903 [WARNING] 요청 에러: ('Connection aborted.', ConnectionResetError(10054, '현재 연결은 원격 호스트에 의해 강제로 끊겼습니다', None, 10054, None)) — 재시도 1/5 (3.2초 대기)
2026-04-08 16:22:44,042 [INFO]   [Svalbard] 페이지 1: 21건 (누적 21건)
2026-04-08 16:22:44,042 [INFO] [Svalbard] 검색 결과: 21건
2026-04-08 16:22:44,042 [INFO] 
────────────────────────────────────────
2026-04-08 16:22:44,042 [INFO] AOI: East Greenland (greenland_east)
2026-04-08 16:22:44,042 [INFO] ────────────────────────────────────────
2026-04-08 16:22:45,428 [INFO]   [East Greenland] 페이지 1: 100건 (누적 100건)
2026-04-08 16:22:46,552 [INFO]   [East Greenland] 페이지 2: 100건 (누적 200건)
2026-04-08 16:22:47,314 [INFO]   [East Greenland] 페이지 3: 22건 (누적 222건)
2026-04-08 16:22:47,314 [INFO] [East Greenland] 검색 결과: 222건
2026-04-08 16:22:47,315 [INFO] 
────────────────────────────────────────
2026-04-08 16:22:47,315 [INFO] AOI: Jakobshavn / Ilulissat (jakobshavn)
2026-04-08 16:22:47,315 [INFO] ────────────────────────────────────────
2026-04-08 16:22:48,072 [INFO]   [Jakobshavn / Ilulissat] 페이지 1: 57건 (누적 57건)
2026-04-08 16:22:48,073 [INFO] [Jakobshavn / Ilulissat] 검색 결과: 57건
2026-04-08 16:22:48,073 [INFO] 
────────────────────────────────────────
2026-04-08 16:22:48,073 [INFO] AOI: Novaya Zemlya (novaya_zemlya)
2026-04-08 16:22:48,073 [INFO] ────────────────────────────────────────
2026-04-08 16:22:48,839 [INFO]   [Novaya Zemlya] 페이지 1: 5건 (누적 5건)
2026-04-08 16:22:48,840 [INFO] [Novaya Zemlya] 검색 결과: 5건
2026-04-08 16:22:48,846 [INFO] 카탈로그 저장: sentinel1_catalog_latest.json (281건, 128KB)
2026-04-08 16:22:48,847 [INFO] 
==================================================
2026-04-08 16:22:48,847 [INFO]   완료 — 신규 0건, 다운로드 0건
2026-04-08 16:22:48,847 [INFO]   디스크 사용: 0.0GB / 50GB
2026-04-08 16:22:48,847 [INFO]   카탈로그: 281건
2026-04-08 16:22:48,847 [INFO] ==================================================
2026-04-08 17:00:55,846 [INFO] Sentinel-1 IW GRD 빙하 아카이브 수집 시작
2026-04-08 17:01:44,051 [INFO] 검색 기간: 2026-03-27 ~ 2026-04-07
2026-04-08 17:01:44,064 [INFO] 
────────────────────────────────────────
2026-04-08 17:01:44,065 [INFO] AOI: Svalbard (svalbard)
2026-04-08 17:01:44,065 [INFO] ────────────────────────────────────────
2026-04-08 17:01:44,066 [INFO] CDSE 토큰 발급 요청...
2026-04-08 17:02:00,175 [INFO] CDSE 토큰 발급 완료 (만료: 1800초)
2026-04-08 17:02:16,081 [WARNING] 요청 에러: ('Connection aborted.', ConnectionResetError(10054, '현재 연결은 원격 호스트에 의해 강제로 끊겼습니다', None, 10054, None)) — 재시도 1/5 (2.0초 대기)
2026-04-08 17:02:31,485 [WARNING] 요청 에러: ('Connection aborted.', ConnectionResetError(10054, '현재 연결은 원격 호스트에 의해 강제로 끊겼습니다', None, 10054, None)) — 재시도 2/5 (5.5초 대기)
2026-04-08 17:03:18,892 [WARNING] 요청 에러: ('Connection aborted.', ConnectionResetError(10054, '현재 연결은 원격 호스트에 의해 강제로 끊겼습니다', None, 10054, None)) — 재시도 3/5 (8.2초 대기)
2026-04-08 17:03:38,999 [WARNING] 요청 에러: ('Connection aborted.', ConnectionResetError(10054, '현재 연결은 원격 호스트에 의해 강제로 끊겼습니다', None, 10054, None)) — 재시도 4/5 (17.3초 대기)
2026-04-08 17:04:03,160 [INFO]   [Svalbard] 페이지 1: 21건 (누적 21건)
2026-04-08 17:04:03,160 [INFO] [Svalbard] 검색 결과: 21건
2026-04-08 17:04:03,160 [INFO] 
────────────────────────────────────────
2026-04-08 17:04:03,160 [INFO] AOI: East Greenland (greenland_east)
2026-04-08 17:04:03,161 [INFO] ────────────────────────────────────────
2026-04-08 17:04:05,692 [INFO]   [East Greenland] 페이지 1: 100건 (누적 100건)
2026-04-08 17:04:08,418 [INFO]   [East Greenland] 페이지 2: 100건 (누적 200건)
2026-04-08 17:04:09,404 [INFO]   [East Greenland] 페이지 3: 22건 (누적 222건)
2026-04-08 17:04:09,404 [INFO] [East Greenland] 검색 결과: 222건
2026-04-08 17:04:09,405 [INFO] 
────────────────────────────────────────
2026-04-08 17:04:09,405 [INFO] AOI: Jakobshavn / Ilulissat (jakobshavn)
2026-04-08 17:04:09,405 [INFO] ────────────────────────────────────────
2026-04-08 17:04:12,122 [INFO]   [Jakobshavn / Ilulissat] 페이지 1: 57건 (누적 57건)
2026-04-08 17:04:12,127 [INFO] [Jakobshavn / Ilulissat] 검색 결과: 57건
2026-04-08 17:04:12,128 [INFO] 
────────────────────────────────────────
2026-04-08 17:04:12,128 [INFO] AOI: Novaya Zemlya (novaya_zemlya)
2026-04-08 17:04:12,129 [INFO] ────────────────────────────────────────
2026-04-08 17:04:13,265 [INFO]   [Novaya Zemlya] 페이지 1: 5건 (누적 5건)
2026-04-08 17:04:13,266 [INFO] [Novaya Zemlya] 검색 결과: 5건
2026-04-08 17:04:13,277 [INFO] 카탈로그 저장: sentinel1_catalog_latest.json (281건, 128KB)
2026-04-08 17:04:13,278 [INFO] 
==================================================
2026-04-08 17:04:13,278 [INFO]   완료 — 신규 0건, 다운로드 0건
2026-04-08 17:04:13,278 [INFO]   디스크 사용: 0.0GB / 50GB
2026-04-08 17:04:13,278 [INFO]   카탈로그: 281건
2026-04-08 17:04:13,278 [INFO] ==================================================
2026-04-08 18:26:38,423 [INFO] Sentinel-1 IW GRD 빙하 아카이브 수집 시작
2026-04-08 18:26:40,812 [INFO] 검색 기간: 2026-03-27 ~ 2026-04-07
2026-04-08 18:26:40,820 [INFO] 
────────────────────────────────────────
2026-04-08 18:26:40,820 [INFO] AOI: Svalbard (svalbard)
2026-04-08 18:26:40,820 [INFO] ────────────────────────────────────────
2026-04-08 18:26:40,820 [INFO] CDSE 토큰 발급 요청...
2026-04-08 18:26:43,987 [INFO] CDSE 토큰 발급 완료 (만료: 1800초)
2026-04-08 18:26:48,347 [INFO]   [Svalbard] 페이지 1: 21건 (누적 21건)
2026-04-08 18:26:48,347 [INFO] [Svalbard] 검색 결과: 21건
2026-04-08 18:26:48,347 [INFO] 
────────────────────────────────────────
2026-04-08 18:26:48,347 [INFO] AOI: East Greenland (greenland_east)
2026-04-08 18:26:48,347 [INFO] ────────────────────────────────────────
2026-04-08 18:26:50,160 [INFO]   [East Greenland] 페이지 1: 100건 (누적 100건)
2026-04-08 18:26:52,282 [INFO]   [East Greenland] 페이지 2: 100건 (누적 200건)
2026-04-08 18:26:53,389 [INFO]   [East Greenland] 페이지 3: 22건 (누적 222건)
2026-04-08 18:26:53,389 [INFO] [East Greenland] 검색 결과: 222건
2026-04-08 18:26:53,389 [INFO] 
────────────────────────────────────────
2026-04-08 18:26:53,389 [INFO] AOI: Jakobshavn / Ilulissat (jakobshavn)
2026-04-08 18:26:53,389 [INFO] ────────────────────────────────────────
2026-04-08 18:26:55,566 [INFO]   [Jakobshavn / Ilulissat] 페이지 1: 57건 (누적 57건)
2026-04-08 18:26:55,567 [INFO] [Jakobshavn / Ilulissat] 검색 결과: 57건
2026-04-08 18:26:55,567 [INFO] 
────────────────────────────────────────
2026-04-08 18:26:55,567 [INFO] AOI: Novaya Zemlya (novaya_zemlya)
2026-04-08 18:26:55,567 [INFO] ────────────────────────────────────────
2026-04-08 18:26:56,264 [INFO]   [Novaya Zemlya] 페이지 1: 5건 (누적 5건)
2026-04-08 18:26:56,265 [INFO] [Novaya Zemlya] 검색 결과: 5건
2026-04-08 18:26:56,272 [INFO] 카탈로그 저장: sentinel1_catalog_latest.json (281건, 128KB)
2026-04-08 18:26:56,273 [INFO] 
==================================================
2026-04-08 18:26:56,273 [INFO]   완료 — 신규 0건, 다운로드 0건
2026-04-08 18:26:56,274 [INFO]   디스크 사용: 0.0GB / 50GB
2026-04-08 18:26:56,274 [INFO]   카탈로그: 281건
2026-04-08 18:26:56,274 [INFO] ==================================================
2026-04-08 18:35:47,236 [INFO] Sentinel-1 IW GRD 빙하 아카이브 수집 시작
2026-04-08 18:35:49,206 [INFO] 검색 기간: 2026-03-27 ~ 2026-04-07
2026-04-08 18:35:49,208 [INFO] 
────────────────────────────────────────
2026-04-08 18:35:49,208 [INFO] AOI: Svalbard (svalbard)
2026-04-08 18:35:49,208 [INFO] ────────────────────────────────────────
2026-04-08 18:35:49,208 [INFO] CDSE 토큰 발급 요청...
2026-04-08 18:35:52,105 [INFO] CDSE 토큰 발급 완료 (만료: 1800초)
2026-04-08 18:35:57,591 [INFO]   [Svalbard] 페이지 1: 21건 (누적 21건)
2026-04-08 18:35:57,591 [INFO] [Svalbard] 검색 결과: 21건
2026-04-08 18:35:57,591 [INFO] 
────────────────────────────────────────
2026-04-08 18:35:57,591 [INFO] AOI: East Greenland (greenland_east)
2026-04-08 18:35:57,591 [INFO] ────────────────────────────────────────
2026-04-08 18:36:02,204 [INFO]   [East Greenland] 페이지 1: 100건 (누적 100건)
2026-04-08 18:36:05,958 [INFO]   [East Greenland] 페이지 2: 100건 (누적 200건)
2026-04-08 18:36:08,836 [INFO]   [East Greenland] 페이지 3: 22건 (누적 222건)
2026-04-08 18:36:08,837 [INFO] [East Greenland] 검색 결과: 222건
2026-04-08 18:36:08,837 [INFO] 
────────────────────────────────────────
2026-04-08 18:36:08,837 [INFO] AOI: Jakobshavn / Ilulissat (jakobshavn)
2026-04-08 18:36:08,837 [INFO] ────────────────────────────────────────
2026-04-08 18:36:11,428 [INFO]   [Jakobshavn / Ilulissat] 페이지 1: 57건 (누적 57건)
2026-04-08 18:36:11,429 [INFO] [Jakobshavn / Ilulissat] 검색 결과: 57건
2026-04-08 18:36:11,429 [INFO] 
────────────────────────────────────────
2026-04-08 18:36:11,429 [INFO] AOI: Novaya Zemlya (novaya_zemlya)
2026-04-08 18:36:11,430 [INFO] ────────────────────────────────────────
2026-04-08 18:36:12,622 [INFO]   [Novaya Zemlya] 페이지 1: 5건 (누적 5건)
2026-04-08 18:36:12,623 [INFO] [Novaya Zemlya] 검색 결과: 5건
2026-04-08 18:36:12,635 [INFO] 카탈로그 저장: sentinel1_catalog_latest.json (281건, 128KB)
2026-04-08 18:36:12,637 [INFO] 
==================================================
2026-04-08 18:36:12,637 [INFO]   완료 — 신규 0건, 다운로드 0건
2026-04-08 18:36:12,637 [INFO]   디스크 사용: 0.0GB / 50GB
2026-04-08 18:36:12,637 [INFO]   카탈로그: 281건
2026-04-08 18:36:12,637 [INFO] ==================================================
2026-04-09 12:17:48,774 [INFO] Sentinel-1 IW GRD 빙하 아카이브 수집 시작
2026-04-09 12:18:24,006 [INFO] 검색 기간: 2026-03-28 ~ 2026-04-08
2026-04-09 12:18:24,035 [INFO] 
────────────────────────────────────────
2026-04-09 12:18:24,039 [INFO] AOI: Svalbard (svalbard)
2026-04-09 12:18:24,040 [INFO] ────────────────────────────────────────
2026-04-09 12:18:24,041 [INFO] CDSE 토큰 발급 요청...
2026-04-09 12:18:33,760 [INFO] CDSE 토큰 발급 완료 (만료: 1800초)
2026-04-09 12:18:43,256 [INFO]   [Svalbard] 페이지 1: 21건 (누적 21건)
2026-04-09 12:18:43,258 [INFO] [Svalbard] 검색 결과: 21건
2026-04-09 12:18:43,260 [INFO] 
────────────────────────────────────────
2026-04-09 12:18:43,265 [INFO] AOI: East Greenland (greenland_east)
2026-04-09 12:18:43,267 [INFO] ────────────────────────────────────────
2026-04-09 12:18:44,952 [INFO]   [East Greenland] 페이지 1: 100건 (누적 100건)
2026-04-09 12:18:47,426 [INFO]   [East Greenland] 페이지 2: 100건 (누적 200건)
2026-04-09 12:18:48,161 [INFO]   [East Greenland] 페이지 3: 21건 (누적 221건)
2026-04-09 12:18:48,161 [INFO] [East Greenland] 검색 결과: 221건
2026-04-09 12:18:48,161 [INFO] 
────────────────────────────────────────
2026-04-09 12:18:48,162 [INFO] AOI: Jakobshavn / Ilulissat (jakobshavn)
2026-04-09 12:18:48,162 [INFO] ────────────────────────────────────────
2026-04-09 12:18:48,984 [INFO]   [Jakobshavn / Ilulissat] 페이지 1: 59건 (누적 59건)
2026-04-09 12:18:48,989 [INFO] [Jakobshavn / Ilulissat] 검색 결과: 59건
2026-04-09 12:18:48,990 [INFO] 
────────────────────────────────────────
2026-04-09 12:18:48,991 [INFO] AOI: Novaya Zemlya (novaya_zemlya)
2026-04-09 12:18:48,993 [INFO] ────────────────────────────────────────
2026-04-09 12:18:49,897 [INFO]   [Novaya Zemlya] 페이지 1: 4건 (누적 4건)
2026-04-09 12:18:49,900 [INFO] [Novaya Zemlya] 검색 결과: 4건
2026-04-09 12:18:49,944 [INFO] 카탈로그 저장: sentinel1_catalog_latest.json (302건, 137KB)
2026-04-09 12:18:49,957 [INFO] 
==================================================
2026-04-09 12:18:49,958 [INFO]   완료 — 신규 0건, 다운로드 0건
2026-04-09 12:18:49,959 [INFO]   디스크 사용: 0.0GB / 50GB
2026-04-09 12:18:49,960 [INFO]   카탈로그: 302건
2026-04-09 12:18:49,961 [INFO] ==================================================
2026-04-09 13:38:47,866 [INFO] Sentinel-1 IW GRD 빙하 아카이브 수집 시작
2026-04-09 13:38:48,022 [INFO] 검색 기간: 2026-03-28 ~ 2026-04-08
2026-04-09 13:38:48,024 [INFO] 
────────────────────────────────────────
2026-04-09 13:38:48,024 [INFO] AOI: Svalbard (svalbard)
2026-04-09 13:38:48,024 [INFO] ────────────────────────────────────────
2026-04-09 13:38:48,024 [INFO] CDSE 토큰 발급 요청...
2026-04-09 13:38:49,828 [INFO] CDSE 토큰 발급 완료 (만료: 1800초)
2026-04-09 13:38:51,982 [INFO]   [Svalbard] 페이지 1: 21건 (누적 21건)
2026-04-09 13:38:51,982 [INFO] [Svalbard] 검색 결과: 21건
2026-04-09 13:38:51,982 [INFO] 
────────────────────────────────────────
2026-04-09 13:38:51,982 [INFO] AOI: East Greenland (greenland_east)
2026-04-09 13:38:51,982 [INFO] ────────────────────────────────────────
2026-04-09 13:38:53,802 [INFO]   [East Greenland] 페이지 1: 100건 (누적 100건)
2026-04-09 13:38:55,240 [INFO]   [East Greenland] 페이지 2: 100건 (누적 200건)
2026-04-09 13:38:55,988 [INFO]   [East Greenland] 페이지 3: 21건 (누적 221건)
2026-04-09 13:38:55,988 [INFO] [East Greenland] 검색 결과: 221건
2026-04-09 13:38:55,988 [INFO] 
────────────────────────────────────────
2026-04-09 13:38:55,988 [INFO] AOI: Jakobshavn / Ilulissat (jakobshavn)
2026-04-09 13:38:55,988 [INFO] ────────────────────────────────────────
2026-04-09 13:38:56,767 [INFO]   [Jakobshavn / Ilulissat] 페이지 1: 59건 (누적 59건)
2026-04-09 13:38:56,768 [INFO] [Jakobshavn / Ilulissat] 검색 결과: 59건
2026-04-09 13:38:56,768 [INFO] 
────────────────────────────────────────
2026-04-09 13:38:56,768 [INFO] AOI: Novaya Zemlya (novaya_zemlya)
2026-04-09 13:38:56,768 [INFO] ────────────────────────────────────────
2026-04-09 13:38:57,782 [INFO]   [Novaya Zemlya] 페이지 1: 4건 (누적 4건)
2026-04-09 13:38:57,783 [INFO] [Novaya Zemlya] 검색 결과: 4건
2026-04-09 13:38:57,788 [INFO] 카탈로그 저장: sentinel1_catalog_latest.json (302건, 137KB)
2026-04-09 13:38:57,790 [INFO] 
==================================================
2026-04-09 13:38:57,790 [INFO]   완료 — 신규 0건, 다운로드 0건
2026-04-09 13:38:57,790 [INFO]   디스크 사용: 0.0GB / 50GB
2026-04-09 13:38:57,790 [INFO]   카탈로그: 302건
2026-04-09 13:38:57,790 [INFO] ==================================================
2026-04-09 13:54:02,965 [INFO] Sentinel-1 IW GRD 빙하 아카이브 수집 시작
2026-04-09 13:54:03,158 [INFO] 검색 기간: 2026-03-28 ~ 2026-04-08
2026-04-09 13:54:03,161 [INFO] 
────────────────────────────────────────
2026-04-09 13:54:03,161 [INFO] AOI: Svalbard (svalbard)
2026-04-09 13:54:03,161 [INFO] ────────────────────────────────────────
2026-04-09 13:54:03,161 [INFO] CDSE 토큰 발급 요청...
2026-04-09 13:54:06,122 [INFO] CDSE 토큰 발급 완료 (만료: 1800초)
2026-04-09 13:54:08,972 [INFO]   [Svalbard] 페이지 1: 21건 (누적 21건)
2026-04-09 13:54:08,972 [INFO] [Svalbard] 검색 결과: 21건
2026-04-09 13:54:08,972 [INFO] 
────────────────────────────────────────
2026-04-09 13:54:08,972 [INFO] AOI: East Greenland (greenland_east)
2026-04-09 13:54:08,972 [INFO] ────────────────────────────────────────
2026-04-09 13:54:13,205 [INFO]   [East Greenland] 페이지 1: 100건 (누적 100건)
2026-04-09 13:54:20,377 [INFO]   [East Greenland] 페이지 2: 100건 (누적 200건)
2026-04-09 13:54:23,636 [INFO]   [East Greenland] 페이지 3: 21건 (누적 221건)
2026-04-09 13:54:23,636 [INFO] [East Greenland] 검색 결과: 221건
2026-04-09 13:54:23,637 [INFO] 
────────────────────────────────────────
2026-04-09 13:54:23,637 [INFO] AOI: Jakobshavn / Ilulissat (jakobshavn)
2026-04-09 13:54:23,637 [INFO] ────────────────────────────────────────
2026-04-09 13:54:26,946 [INFO]   [Jakobshavn / Ilulissat] 페이지 1: 59건 (누적 59건)
2026-04-09 13:54:26,946 [INFO] [Jakobshavn / Ilulissat] 검색 결과: 59건
2026-04-09 13:54:26,946 [INFO] 
────────────────────────────────────────
2026-04-09 13:54:26,947 [INFO] AOI: Novaya Zemlya (novaya_zemlya)
2026-04-09 13:54:26,947 [INFO] ────────────────────────────────────────
2026-04-09 13:54:28,786 [INFO]   [Novaya Zemlya] 페이지 1: 4건 (누적 4건)
2026-04-09 13:54:28,787 [INFO] [Novaya Zemlya] 검색 결과: 4건
2026-04-09 13:54:28,792 [INFO] 카탈로그 저장: sentinel1_catalog_latest.json (302건, 137KB)
2026-04-09 13:54:28,793 [INFO] 
==================================================
2026-04-09 13:54:28,793 [INFO]   완료 — 신규 0건, 다운로드 0건
2026-04-09 13:54:28,793 [INFO]   디스크 사용: 0.0GB / 50GB
2026-04-09 13:54:28,793 [INFO]   카탈로그: 302건
2026-04-09 13:54:28,793 [INFO] ==================================================
2026-04-09 13:57:51,435 [INFO] Sentinel-1 IW GRD 빙하 아카이브 수집 시작
2026-04-09 13:57:51,730 [INFO] 검색 기간: 2026-03-28 ~ 2026-04-08
2026-04-09 13:57:51,733 [INFO] 
────────────────────────────────────────
2026-04-09 13:57:51,733 [INFO] AOI: Svalbard (svalbard)
2026-04-09 13:57:51,733 [INFO] ────────────────────────────────────────
2026-04-09 13:57:51,733 [INFO] CDSE 토큰 발급 요청...
2026-04-09 13:57:54,816 [INFO] CDSE 토큰 발급 완료 (만료: 1800초)
2026-04-09 13:57:56,850 [INFO]   [Svalbard] 페이지 1: 21건 (누적 21건)
2026-04-09 13:57:56,850 [INFO] [Svalbard] 검색 결과: 21건
2026-04-09 13:57:56,850 [INFO] 
────────────────────────────────────────
2026-04-09 13:57:56,850 [INFO] AOI: East Greenland (greenland_east)
2026-04-09 13:57:56,850 [INFO] ────────────────────────────────────────
2026-04-09 13:57:58,922 [INFO]   [East Greenland] 페이지 1: 100건 (누적 100건)
2026-04-09 13:58:02,985 [INFO]   [East Greenland] 페이지 2: 100건 (누적 200건)
2026-04-09 13:58:04,114 [INFO]   [East Greenland] 페이지 3: 21건 (누적 221건)
2026-04-09 13:58:04,114 [INFO] [East Greenland] 검색 결과: 221건
2026-04-09 13:58:04,114 [INFO] 
────────────────────────────────────────
2026-04-09 13:58:04,114 [INFO] AOI: Jakobshavn / Ilulissat (jakobshavn)
2026-04-09 13:58:04,114 [INFO] ────────────────────────────────────────
2026-04-09 13:58:06,201 [INFO]   [Jakobshavn / Ilulissat] 페이지 1: 59건 (누적 59건)
2026-04-09 13:58:06,201 [INFO] [Jakobshavn / Ilulissat] 검색 결과: 59건
2026-04-09 13:58:06,201 [INFO] 
────────────────────────────────────────
2026-04-09 13:58:06,201 [INFO] AOI: Novaya Zemlya (novaya_zemlya)
2026-04-09 13:58:06,202 [INFO] ────────────────────────────────────────
2026-04-09 13:58:06,895 [INFO]   [Novaya Zemlya] 페이지 1: 4건 (누적 4건)
2026-04-09 13:58:06,895 [INFO] [Novaya Zemlya] 검색 결과: 4건
2026-04-09 13:58:06,899 [INFO] 카탈로그 저장: sentinel1_catalog_latest.json (302건, 137KB)
2026-04-09 13:58:06,900 [INFO] 
==================================================
2026-04-09 13:58:06,900 [INFO]   완료 — 신규 0건, 다운로드 0건
2026-04-09 13:58:06,900 [INFO]   디스크 사용: 0.0GB / 50GB
2026-04-09 13:58:06,900 [INFO]   카탈로그: 302건
2026-04-09 13:58:06,900 [INFO] ==================================================
2026-04-09 14:50:43,482 [INFO] Sentinel-1 IW GRD 빙하 아카이브 수집 시작
2026-04-09 14:50:43,807 [INFO] 검색 기간: 2026-03-28 ~ 2026-04-08
2026-04-09 14:50:43,809 [INFO] 
────────────────────────────────────────
2026-04-09 14:50:43,810 [INFO] AOI: Svalbard (svalbard)
2026-04-09 14:50:43,810 [INFO] ────────────────────────────────────────
2026-04-09 14:50:43,810 [INFO] CDSE 토큰 발급 요청...
2026-04-09 14:50:47,056 [INFO] CDSE 토큰 발급 완료 (만료: 1800초)
2026-04-09 14:50:51,121 [INFO]   [Svalbard] 페이지 1: 21건 (누적 21건)
2026-04-09 14:50:51,122 [INFO] [Svalbard] 검색 결과: 21건
2026-04-09 14:50:51,122 [INFO] 
────────────────────────────────────────
2026-04-09 14:50:51,122 [INFO] AOI: East Greenland (greenland_east)
2026-04-09 14:50:51,123 [INFO] ────────────────────────────────────────
2026-04-09 14:50:52,648 [INFO]   [East Greenland] 페이지 1: 100건 (누적 100건)
2026-04-09 14:50:53,828 [INFO]   [East Greenland] 페이지 2: 100건 (누적 200건)
2026-04-09 14:50:54,627 [INFO]   [East Greenland] 페이지 3: 21건 (누적 221건)
2026-04-09 14:50:54,628 [INFO] [East Greenland] 검색 결과: 221건
2026-04-09 14:50:54,628 [INFO] 
────────────────────────────────────────
2026-04-09 14:50:54,628 [INFO] AOI: Jakobshavn / Ilulissat (jakobshavn)
2026-04-09 14:50:54,628 [INFO] ────────────────────────────────────────
2026-04-09 14:50:55,407 [INFO]   [Jakobshavn / Ilulissat] 페이지 1: 59건 (누적 59건)
2026-04-09 14:50:55,408 [INFO] [Jakobshavn / Ilulissat] 검색 결과: 59건
2026-04-09 14:50:55,408 [INFO] 
────────────────────────────────────────
2026-04-09 14:50:55,408 [INFO] AOI: Novaya Zemlya (novaya_zemlya)
2026-04-09 14:50:55,408 [INFO] ────────────────────────────────────────
2026-04-09 14:50:56,170 [INFO]   [Novaya Zemlya] 페이지 1: 4건 (누적 4건)
2026-04-09 14:50:56,170 [INFO] [Novaya Zemlya] 검색 결과: 4건
2026-04-09 14:50:56,180 [INFO] 카탈로그 저장: sentinel1_catalog_latest.json (302건, 137KB)
2026-04-09 14:50:56,183 [INFO] 
==================================================
2026-04-09 14:50:56,183 [INFO]   완료 — 신규 0건, 다운로드 0건
2026-04-09 14:50:56,183 [INFO]   디스크 사용: 0.0GB / 50GB
2026-04-09 14:50:56,183 [INFO]   카탈로그: 302건
2026-04-09 14:50:56,183 [INFO] ==================================================
2026-04-09 14:54:29,361 [INFO] Sentinel-1 IW GRD 빙하 아카이브 수집 시작
2026-04-09 14:54:29,655 [INFO] 검색 기간: 2026-03-28 ~ 2026-04-08
2026-04-09 14:54:29,658 [INFO] 
────────────────────────────────────────
2026-04-09 14:54:29,658 [INFO] AOI: Svalbard (svalbard)
2026-04-09 14:54:29,658 [INFO] ────────────────────────────────────────
2026-04-09 14:54:29,658 [INFO] CDSE 토큰 발급 요청...
2026-04-09 14:54:31,822 [INFO] CDSE 토큰 발급 완료 (만료: 1800초)
2026-04-09 14:54:34,805 [INFO]   [Svalbard] 페이지 1: 21건 (누적 21건)
2026-04-09 14:54:34,806 [INFO] [Svalbard] 검색 결과: 21건
2026-04-09 14:54:34,806 [INFO] 
────────────────────────────────────────
2026-04-09 14:54:34,806 [INFO] AOI: East Greenland (greenland_east)
2026-04-09 14:54:34,806 [INFO] ────────────────────────────────────────
2026-04-09 14:54:36,375 [INFO]   [East Greenland] 페이지 1: 100건 (누적 100건)
2026-04-09 14:54:37,529 [INFO]   [East Greenland] 페이지 2: 100건 (누적 200건)
2026-04-09 14:54:38,405 [INFO]   [East Greenland] 페이지 3: 21건 (누적 221건)
2026-04-09 14:54:38,405 [INFO] [East Greenland] 검색 결과: 221건
2026-04-09 14:54:38,405 [INFO] 
────────────────────────────────────────
2026-04-09 14:54:38,405 [INFO] AOI: Jakobshavn / Ilulissat (jakobshavn)
2026-04-09 14:54:38,406 [INFO] ────────────────────────────────────────
2026-04-09 14:54:39,179 [INFO]   [Jakobshavn / Ilulissat] 페이지 1: 59건 (누적 59건)
2026-04-09 14:54:39,180 [INFO] [Jakobshavn / Ilulissat] 검색 결과: 59건
2026-04-09 14:54:39,180 [INFO] 
────────────────────────────────────────
2026-04-09 14:54:39,180 [INFO] AOI: Novaya Zemlya (novaya_zemlya)
2026-04-09 14:54:39,180 [INFO] ────────────────────────────────────────
2026-04-09 14:54:40,021 [INFO]   [Novaya Zemlya] 페이지 1: 4건 (누적 4건)
2026-04-09 14:54:40,021 [INFO] [Novaya Zemlya] 검색 결과: 4건
2026-04-09 14:54:40,028 [INFO] 카탈로그 저장: sentinel1_catalog_latest.json (302건, 137KB)
2026-04-09 14:54:40,030 [INFO] 
==================================================
2026-04-09 14:54:40,030 [INFO]   완료 — 신규 0건, 다운로드 0건
2026-04-09 14:54:40,030 [INFO]   디스크 사용: 0.0GB / 50GB
2026-04-09 14:54:40,030 [INFO]   카탈로그: 302건
2026-04-09 14:54:40,030 [INFO] ==================================================
2026-04-09 16:04:45,412 [INFO] Sentinel-1 IW GRD 빙하 아카이브 수집 시작
2026-04-09 16:04:46,075 [INFO] 검색 기간: 2026-03-28 ~ 2026-04-08
2026-04-09 16:04:46,081 [INFO] 
────────────────────────────────────────
2026-04-09 16:04:46,081 [INFO] AOI: Svalbard (svalbard)
2026-04-09 16:04:46,082 [INFO] ────────────────────────────────────────
2026-04-09 16:04:46,082 [INFO] CDSE 토큰 발급 요청...
2026-04-09 16:04:50,650 [INFO] CDSE 토큰 발급 완료 (만료: 1800초)
2026-04-09 16:04:56,517 [INFO]   [Svalbard] 페이지 1: 21건 (누적 21건)
2026-04-09 16:04:56,517 [INFO] [Svalbard] 검색 결과: 21건
2026-04-09 16:04:56,518 [INFO] 
────────────────────────────────────────
2026-04-09 16:04:56,518 [INFO] AOI: East Greenland (greenland_east)
2026-04-09 16:04:56,518 [INFO] ────────────────────────────────────────
2026-04-09 16:04:58,542 [INFO]   [East Greenland] 페이지 1: 100건 (누적 100건)
2026-04-09 16:05:00,128 [INFO]   [East Greenland] 페이지 2: 100건 (누적 200건)
2026-04-09 16:05:00,935 [INFO]   [East Greenland] 페이지 3: 21건 (누적 221건)
2026-04-09 16:05:00,935 [INFO] [East Greenland] 검색 결과: 221건
2026-04-09 16:05:00,936 [INFO] 
────────────────────────────────────────
2026-04-09 16:05:00,936 [INFO] AOI: Jakobshavn / Ilulissat (jakobshavn)
2026-04-09 16:05:00,936 [INFO] ────────────────────────────────────────
2026-04-09 16:05:03,059 [INFO]   [Jakobshavn / Ilulissat] 페이지 1: 59건 (누적 59건)
2026-04-09 16:05:03,060 [INFO] [Jakobshavn / Ilulissat] 검색 결과: 59건
2026-04-09 16:05:03,061 [INFO] 
────────────────────────────────────────
2026-04-09 16:05:03,061 [INFO] AOI: Novaya Zemlya (novaya_zemlya)
2026-04-09 16:05:03,061 [INFO] ────────────────────────────────────────
2026-04-09 16:05:03,792 [INFO]   [Novaya Zemlya] 페이지 1: 4건 (누적 4건)
2026-04-09 16:05:03,793 [INFO] [Novaya Zemlya] 검색 결과: 4건
2026-04-09 16:05:03,811 [INFO] 카탈로그 저장: sentinel1_catalog_latest.json (302건, 137KB)
2026-04-09 16:05:03,815 [INFO] 
==================================================
2026-04-09 16:05:03,816 [INFO]   완료 — 신규 0건, 다운로드 0건
2026-04-09 16:05:03,816 [INFO]   디스크 사용: 0.0GB / 50GB
2026-04-09 16:05:03,816 [INFO]   카탈로그: 302건
2026-04-09 16:05:03,816 [INFO] ==================================================
2026-04-10 13:46:58,233 [INFO] Sentinel-1 IW GRD 빙하 아카이브 수집 시작
2026-04-10 13:49:05,358 [INFO] 검색 기간: 2026-03-29 ~ 2026-04-09
2026-04-10 13:49:05,394 [INFO] 
────────────────────────────────────────
2026-04-10 13:49:05,394 [INFO] AOI: Svalbard (svalbard)
2026-04-10 13:49:05,394 [INFO] ────────────────────────────────────────
2026-04-10 13:49:05,394 [INFO] CDSE 토큰 발급 요청...
2026-04-10 13:49:35,068 [INFO] CDSE 토큰 발급 완료 (만료: 1800초)
2026-04-10 13:50:01,114 [WARNING] 요청 에러: ('Connection aborted.', ConnectionResetError(10054, '현재 연결은 원격 호스트에 의해 강제로 끊겼습니다', None, 10054, None)) — 재시도 1/5 (3.0초 대기)
2026-04-10 13:50:21,663 [WARNING] 요청 에러: ('Connection aborted.', ConnectionResetError(10054, '현재 연결은 원격 호스트에 의해 강제로 끊겼습니다', None, 10054, None)) — 재시도 2/5 (5.2초 대기)
2026-04-10 13:50:40,515 [WARNING] 요청 에러: ('Connection aborted.', ConnectionResetError(10054, '현재 연결은 원격 호스트에 의해 강제로 끊겼습니다', None, 10054, None)) — 재시도 3/5 (9.5초 대기)
2026-04-10 13:51:04,314 [WARNING] 요청 에러: ('Connection aborted.', ConnectionResetError(10054, '현재 연결은 원격 호스트에 의해 강제로 끊겼습니다', None, 10054, None)) — 재시도 4/5 (16.0초 대기)
2026-04-10 13:51:38,036 [ERROR] [Svalbard] 카탈로그 쿼리 실패: 5회 재시도 후 실패: https://catalogue.dataspace.copernicus.eu/odata/v1/Products
2026-04-10 13:51:38,039 [INFO] 
────────────────────────────────────────
2026-04-10 13:51:38,040 [INFO] AOI: East Greenland (greenland_east)
2026-04-10 13:51:38,041 [INFO] ────────────────────────────────────────
2026-04-10 13:51:57,338 [WARNING] 요청 에러: ('Connection aborted.', ConnectionResetError(10054, '현재 연결은 원격 호스트에 의해 강제로 끊겼습니다', None, 10054, None)) — 재시도 1/5 (3.1초 대기)
2026-04-10 13:52:13,586 [WARNING] 요청 에러: ('Connection aborted.', ConnectionResetError(10054, '현재 연결은 원격 호스트에 의해 강제로 끊겼습니다', None, 10054, None)) — 재시도 2/5 (4.7초 대기)
2026-04-10 13:52:31,278 [WARNING] 요청 에러: ('Connection aborted.', ConnectionResetError(10054, '현재 연결은 원격 호스트에 의해 강제로 끊겼습니다', None, 10054, None)) — 재시도 3/5 (9.6초 대기)
2026-04-10 13:52:55,274 [WARNING] 요청 에러: ('Connection aborted.', ConnectionResetError(10054, '현재 연결은 원격 호스트에 의해 강제로 끊겼습니다', None, 10054, None)) — 재시도 4/5 (17.6초 대기)
2026-04-10 13:53:25,706 [ERROR] [East Greenland] 카탈로그 쿼리 실패: 5회 재시도 후 실패: https://catalogue.dataspace.copernicus.eu/odata/v1/Products
2026-04-10 13:53:25,708 [INFO] 
────────────────────────────────────────
2026-04-10 13:53:25,708 [INFO] AOI: Jakobshavn / Ilulissat (jakobshavn)
2026-04-10 13:53:25,709 [INFO] ────────────────────────────────────────
2026-04-10 13:53:36,901 [WARNING] 요청 에러: ('Connection aborted.', ConnectionResetError(10054, '현재 연결은 원격 호스트에 의해 강제로 끊겼습니다', None, 10054, None)) — 재시도 1/5 (2.0초 대기)
2026-04-10 13:53:50,840 [WARNING] 요청 에러: ('Connection aborted.', ConnectionResetError(10054, '현재 연결은 원격 호스트에 의해 강제로 끊겼습니다', None, 10054, None)) — 재시도 2/5 (4.9초 대기)
2026-04-10 13:54:11,996 [WARNING] 요청 에러: ('Connection aborted.', ConnectionResetError(10054, '현재 연결은 원격 호스트에 의해 강제로 끊겼습니다', None, 10054, None)) — 재시도 3/5 (8.3초 대기)
2026-04-10 13:54:38,385 [WARNING] 요청 에러: ('Connection aborted.', ConnectionResetError(10054, '현재 연결은 원격 호스트에 의해 강제로 끊겼습니다', None, 10054, None)) — 재시도 4/5 (16.2초 대기)
2026-04-10 13:55:13,074 [ERROR] [Jakobshavn / Ilulissat] 카탈로그 쿼리 실패: 5회 재시도 후 실패: https://catalogue.dataspace.copernicus.eu/odata/v1/Products
2026-04-10 13:55:13,076 [INFO] 
────────────────────────────────────────
2026-04-10 13:55:13,077 [INFO] AOI: Novaya Zemlya (novaya_zemlya)
2026-04-10 13:55:13,078 [INFO] ────────────────────────────────────────
2026-04-10 13:55:52,710 [WARNING] 요청 에러: ('Connection aborted.', ConnectionResetError(10054, '현재 연결은 원격 호스트에 의해 강제로 끊겼습니다', None, 10054, None)) — 재시도 1/5 (3.1초 대기)
2026-04-10 13:56:45,729 [WARNING] 요청 에러: ('Connection aborted.', ConnectionResetError(10054, '현재 연결은 원격 호스트에 의해 강제로 끊겼습니다', None, 10054, None)) — 재시도 2/5 (4.3초 대기)
2026-04-10 13:57:01,702 [WARNING] 요청 에러: ('Connection aborted.', ConnectionResetError(10054, '현재 연결은 원격 호스트에 의해 강제로 끊겼습니다', None, 10054, None)) — 재시도 3/5 (9.6초 대기)
2026-04-10 13:57:32,299 [WARNING] 요청 에러: ('Connection aborted.', ConnectionResetError(10054, '현재 연결은 원격 호스트에 의해 강제로 끊겼습니다', None, 10054, None)) — 재시도 4/5 (16.6초 대기)
2026-04-10 13:58:14,640 [ERROR] [Novaya Zemlya] 카탈로그 쿼리 실패: 5회 재시도 후 실패: https://catalogue.dataspace.copernicus.eu/odata/v1/Products
2026-04-10 13:58:15,223 [INFO] 카탈로그 저장: sentinel1_catalog_latest.json (302건, 137KB)
2026-04-10 13:58:15,223 [INFO] 
==================================================
2026-04-10 13:58:15,224 [INFO]   완료 — 신규 0건, 다운로드 0건
2026-04-10 13:58:15,224 [INFO]   디스크 사용: 0.0GB / 50GB
2026-04-10 13:58:15,224 [INFO]   카탈로그: 302건
2026-04-10 13:58:15,224 [INFO] ==================================================
2026-04-10 15:27:59,775 [INFO] Sentinel-1 IW GRD 빙하 아카이브 수집 시작
2026-04-10 15:29:29,058 [INFO] 검색 기간: 2026-03-29 ~ 2026-04-09
2026-04-10 15:29:29,353 [INFO] 
────────────────────────────────────────
2026-04-10 15:29:29,357 [INFO] AOI: Svalbard (svalbard)
2026-04-10 15:29:29,359 [INFO] ────────────────────────────────────────
2026-04-10 15:29:29,360 [INFO] CDSE 토큰 발급 요청...
2026-04-10 15:29:51,406 [INFO] CDSE 토큰 발급 완료 (만료: 1800초)
2026-04-10 15:30:11,749 [WARNING] 요청 에러: ('Connection aborted.', ConnectionResetError(10054, '현재 연결은 원격 호스트에 의해 강제로 끊겼습니다', None, 10054, None)) — 재시도 1/5 (2.5초 대기)
2026-04-10 15:30:28,873 [WARNING] 요청 에러: ('Connection aborted.', ConnectionResetError(10054, '현재 연결은 원격 호스트에 의해 강제로 끊겼습니다', None, 10054, None)) — 재시도 2/5 (4.8초 대기)
2026-04-10 15:30:46,703 [WARNING] 요청 에러: ('Connection aborted.', ConnectionResetError(10054, '현재 연결은 원격 호스트에 의해 강제로 끊겼습니다', None, 10054, None)) — 재시도 3/5 (8.2초 대기)
2026-04-10 15:31:11,732 [WARNING] 요청 에러: ('Connection aborted.', ConnectionResetError(10054, '현재 연결은 원격 호스트에 의해 강제로 끊겼습니다', None, 10054, None)) — 재시도 4/5 (17.4초 대기)
2026-04-10 15:31:41,496 [ERROR] [Svalbard] 카탈로그 쿼리 실패: 5회 재시도 후 실패: https://catalogue.dataspace.copernicus.eu/odata/v1/Products
2026-04-10 15:31:41,497 [INFO] 
────────────────────────────────────────
2026-04-10 15:31:41,499 [INFO] AOI: East Greenland (greenland_east)
2026-04-10 15:31:41,500 [INFO] ────────────────────────────────────────
2026-04-10 15:31:55,198 [WARNING] 요청 에러: ('Connection aborted.', ConnectionResetError(10054, '현재 연결은 원격 호스트에 의해 강제로 끊겼습니다', None, 10054, None)) — 재시도 1/5 (2.6초 대기)
2026-04-10 15:32:29,168 [WARNING] 요청 에러: ('Connection aborted.', ConnectionResetError(10054, '현재 연결은 원격 호스트에 의해 강제로 끊겼습니다', None, 10054, None)) — 재시도 2/5 (6.0초 대기)
2026-04-10 15:33:01,730 [WARNING] 요청 에러: ('Connection aborted.', ConnectionResetError(10054, '현재 연결은 원격 호스트에 의해 강제로 끊겼습니다', None, 10054, None)) — 재시도 3/5 (8.8초 대기)
2026-04-10 15:33:37,442 [WARNING] 요청 에러: ('Connection aborted.', ConnectionResetError(10054, '현재 연결은 원격 호스트에 의해 강제로 끊겼습니다', None, 10054, None)) — 재시도 4/5 (17.1초 대기)
2026-04-10 15:34:22,832 [ERROR] [East Greenland] 카탈로그 쿼리 실패: 5회 재시도 후 실패: https://catalogue.dataspace.copernicus.eu/odata/v1/Products
2026-04-10 15:34:23,264 [INFO] 
────────────────────────────────────────
2026-04-10 15:34:23,264 [INFO] AOI: Jakobshavn / Ilulissat (jakobshavn)
2026-04-10 15:34:23,264 [INFO] ────────────────────────────────────────
2026-04-10 15:34:41,066 [WARNING] 요청 에러: ('Connection aborted.', ConnectionResetError(10054, '현재 연결은 원격 호스트에 의해 강제로 끊겼습니다', None, 10054, None)) — 재시도 1/5 (3.8초 대기)
2026-04-10 15:35:06,508 [WARNING] 요청 에러: ('Connection aborted.', ConnectionResetError(10054, '현재 연결은 원격 호스트에 의해 강제로 끊겼습니다', None, 10054, None)) — 재시도 2/5 (5.9초 대기)
2026-04-10 15:35:30,617 [WARNING] 요청 에러: ('Connection aborted.', ConnectionResetError(10054, '현재 연결은 원격 호스트에 의해 강제로 끊겼습니다', None, 10054, None)) — 재시도 3/5 (9.2초 대기)
2026-04-10 15:36:08,621 [WARNING] 요청 에러: ('Connection aborted.', ConnectionResetError(10054, '현재 연결은 원격 호스트에 의해 강제로 끊겼습니다', None, 10054, None)) — 재시도 4/5 (16.7초 대기)
2026-04-10 15:36:50,717 [ERROR] [Jakobshavn / Ilulissat] 카탈로그 쿼리 실패: 5회 재시도 후 실패: https://catalogue.dataspace.copernicus.eu/odata/v1/Products
2026-04-10 15:36:50,718 [INFO] 
────────────────────────────────────────
2026-04-10 15:36:50,720 [INFO] AOI: Novaya Zemlya (novaya_zemlya)
2026-04-10 15:36:50,721 [INFO] ────────────────────────────────────────
2026-04-10 15:37:21,411 [WARNING] 요청 에러: ('Connection aborted.', ConnectionResetError(10054, '현재 연결은 원격 호스트에 의해 강제로 끊겼습니다', None, 10054, None)) — 재시도 1/5 (3.8초 대기)
2026-04-10 15:37:56,799 [WARNING] 요청 에러: ('Connection aborted.', ConnectionResetError(10054, '현재 연결은 원격 호스트에 의해 강제로 끊겼습니다', None, 10054, None)) — 재시도 2/5 (5.1초 대기)
2026-04-10 15:38:48,600 [WARNING] 요청 에러: ('Connection aborted.', ConnectionResetError(10054, '현재 연결은 원격 호스트에 의해 강제로 끊겼습니다', None, 10054, None)) — 재시도 3/5 (8.9초 대기)
2026-04-10 15:39:25,951 [WARNING] 요청 에러: ('Connection aborted.', ConnectionResetError(10054, '현재 연결은 원격 호스트에 의해 강제로 끊겼습니다', None, 10054, None)) — 재시도 4/5 (16.3초 대기)
2026-04-10 15:40:06,406 [ERROR] [Novaya Zemlya] 카탈로그 쿼리 실패: 5회 재시도 후 실패: https://catalogue.dataspace.copernicus.eu/odata/v1/Products
2026-04-10 15:40:12,195 [INFO] 카탈로그 저장: sentinel1_catalog_latest.json (302건, 137KB)
2026-04-10 15:40:12,197 [INFO] 
==================================================
2026-04-10 15:40:12,199 [INFO]   완료 — 신규 0건, 다운로드 0건
2026-04-10 15:40:12,200 [INFO]   디스크 사용: 0.0GB / 50GB
2026-04-10 15:40:12,234 [INFO]   카탈로그: 302건
2026-04-10 15:40:12,236 [INFO] ==================================================
